11:58:49 **** Build of configuration Debug for project LAB2 ****
make -j10 all 
arm-none-eabi-gcc "../Drivers/STM32F1xx_HAL_Driver/Src/stm32f1xx_hal.c" -mcpu=cortex-m3 -std=gnu11 -g3 -DDEBUG -DUSE_HAL_DRIVER -DSTM32F103x6 -c -I../Core/Inc -I../Drivers/STM32F1xx_HAL_Driver/Inc/Legacy -I../Drivers/STM32F1xx_HAL_Driver/Inc -I../Drivers/CMSIS/Device/ST/STM32F1xx/Include -I../Drivers/CMSIS/Include -O0 -ffunction-sections -fdata-sections -Wall -fstack-usage -fcyclomatic-complexity -MMD -MP -MF"Drivers/STM32F1xx_HAL_Driver/Src/stm32f1xx_hal.d" -MT"Drivers/STM32F1xx_HAL_Driver/Src/stm32f1xx_hal.o" --specs=nano.specs -mfloat-abi=soft -mthumb -o "Drivers/STM32F1xx_HAL_Driver/Src/stm32f1xx_hal.o"
arm-none-eabi-gcc "../Drivers/STM32F1xx_HAL_Driver/Src/stm32f1xx_hal_cortex.c" -mcpu=cortex-m3 -std=gnu11 -g3 -DDEBUG -DUSE_HAL_DRIVER -DSTM32F103x6 -c -I../Core/Inc -I../Drivers/STM32F1xx_HAL_Driver/Inc/Legacy -I../Drivers/STM32F1xx_HAL_Driver/Inc -I../Drivers/CMSIS/Device/ST/STM32F1xx/Include -I../Drivers/CMSIS/Include -O0 -ffunction-sections -fdata-sections -Wall -fstack-usage -fcyclomatic-complexity -MMD -MP -MF"Drivers/STM32F1xx_HAL_Driver/Src/stm32f1xx_hal_cortex.d" -MT"Drivers/STM32F1xx_HAL_Driver/Src/stm32f1xx_hal_cortex.o" --specs=nano.specs -mfloat-abi=soft -mthumb -o "Drivers/STM32F1xx_HAL_Driver/Src/stm32f1xx_hal_cortex.o"
arm-none-eabi-gcc "../Drivers/STM32F1xx_HAL_Driver/Src/stm32f1xx_hal_dma.c" -mcpu=cortex-m3 -std=gnu11 -g3 -DDEBUG -DUSE_HAL_DRIVER -DSTM32F103x6 -c -I../Core/Inc -I../Drivers/STM32F1xx_HAL_Driver/Inc/Legacy -I../Drivers/STM32F1xx_HAL_Driver/Inc -I../Drivers/CMSIS/Device/ST/STM32F1xx/Include -I../Drivers/CMSIS/Include -O0 -ffunction-sections -fdata-sections -Wall -fstack-usage -fcyclomatic-complexity -MMD -MP -MF"Drivers/STM32F1xx_HAL_Driver/Src/stm32f1xx_hal_dma.d" -MT"Drivers/STM32F1xx_HAL_Driver/Src/stm32f1xx_hal_dma.o" --specs=nano.specs -mfloat-abi=soft -mthumb -o "Drivers/STM32F1xx_HAL_Driver/Src/stm32f1xx_hal_dma.o"
arm-none-eabi-gcc "../Drivers/STM32F1xx_HAL_Driver/Src/stm32f1xx_hal_exti.c" -mcpu=cortex-m3 -std=gnu11 -g3 -DDEBUG -DUSE_HAL_DRIVER -DSTM32F103x6 -c -I../Core/Inc -I../Drivers/STM32F1xx_HAL_Driver/Inc/Legacy -I../Drivers/STM32F1xx_HAL_Driver/Inc -I../Drivers/CMSIS/Device/ST/STM32F1xx/Include -I../Drivers/CMSIS/Include -O0 -ffunction-sections -fdata-sections -Wall -fstack-usage -fcyclomatic-complexity -MMD -MP -MF"Drivers/STM32F1xx_HAL_Driver/Src/stm32f1xx_hal_exti.d" -MT"Drivers/STM32F1xx_HAL_Driver/Src/stm32f1xx_hal_exti.o" --specs=nano.specs -mfloat-abi=soft -mthumb -o "Drivers/STM32F1xx_HAL_Driver/Src/stm32f1xx_hal_exti.o"
arm-none-eabi-gcc "../Drivers/STM32F1xx_HAL_Driver/Src/stm32f1xx_hal_flash.c" -mcpu=cortex-m3 -std=gnu11 -g3 -DDEBUG -DUSE_HAL_DRIVER -DSTM32F103x6 -c -I../Core/Inc -I../Drivers/STM32F1xx_HAL_Driver/Inc/Legacy -I../Drivers/STM32F1xx_HAL_Driver/Inc -I../Drivers/CMSIS/Device/ST/STM32F1xx/Include -I../Drivers/CMSIS/Include -O0 -ffunction-sections -fdata-sections -Wall -fstack-usage -fcyclomatic-complexity -MMD -MP -MF"Drivers/STM32F1xx_HAL_Driver/Src/stm32f1xx_hal_flash.d" -MT"Drivers/STM32F1xx_HAL_Driver/Src/stm32f1xx_hal_flash.o" --specs=nano.specs -mfloat-abi=soft -mthumb -o "Drivers/STM32F1xx_HAL_Driver/Src/stm32f1xx_hal_flash.o"
arm-none-eabi-gcc "../Drivers/STM32F1xx_HAL_Driver/Src/stm32f1xx_hal_flash_ex.c" -mcpu=cortex-m3 -std=gnu11 -g3 -DDEBUG -DUSE_HAL_DRIVER -DSTM32F103x6 -c -I../Core/Inc -I../Drivers/STM32F1xx_HAL_Driver/Inc/Legacy -I../Drivers/STM32F1xx_HAL_Driver/Inc -I../Drivers/CMSIS/Device/ST/STM32F1xx/Include -I../Drivers/CMSIS/Include -O0 -ffunction-sections -fdata-sections -Wall -fstack-usage -fcyclomatic-complexity -MMD -MP -MF"Drivers/STM32F1xx_HAL_Driver/Src/stm32f1xx_hal_flash_ex.d" -MT"Drivers/STM32F1xx_HAL_Driver/Src/stm32f1xx_hal_flash_ex.o" --specs=nano.specs -mfloat-abi=soft -mthumb -o "Drivers/STM32F1xx_HAL_Driver/Src/stm32f1xx_hal_flash_ex.o"
arm-none-eabi-gcc "../Drivers/STM32F1xx_HAL_Driver/Src/stm32f1xx_hal_gpio.c" -mcpu=cortex-m3 -std=gnu11 -g3 -DDEBUG -DUSE_HAL_DRIVER -DSTM32F103x6 -c -I../Core/Inc -I../Drivers/STM32F1xx_HAL_Driver/Inc/Legacy -I../Drivers/STM32F1xx_HAL_Driver/Inc -I../Drivers/CMSIS/Device/ST/STM32F1xx/Include -I../Drivers/CMSIS/Include -O0 -ffunction-sections -fdata-sections -Wall -fstack-usage -fcyclomatic-complexity -MMD -MP -MF"Drivers/STM32F1xx_HAL_Driver/Src/stm32f1xx_hal_gpio.d" -MT"Drivers/STM32F1xx_HAL_Driver/Src/stm32f1xx_hal_gpio.o" --specs=nano.specs -mfloat-abi=soft -mthumb -o "Drivers/STM32F1xx_HAL_Driver/Src/stm32f1xx_hal_gpio.o"
arm-none-eabi-gcc "../Drivers/STM32F1xx_HAL_Driver/Src/stm32f1xx_hal_gpio_ex.c" -mcpu=cortex-m3 -std=gnu11 -g3 -DDEBUG -DUSE_HAL_DRIVER -DSTM32F103x6 -c -I../Core/Inc -I../Drivers/STM32F1xx_HAL_Driver/Inc/Legacy -I../Drivers/STM32F1xx_HAL_Driver/Inc -I../Drivers/CMSIS/Device/ST/STM32F1xx/Include -I../Drivers/CMSIS/Include -O0 -ffunction-sections -fdata-sections -Wall -fstack-usage -fcyclomatic-complexity -MMD -MP -MF"Drivers/STM32F1xx_HAL_Driver/Src/stm32f1xx_hal_gpio_ex.d" -MT"Drivers/STM32F1xx_HAL_Driver/Src/stm32f1xx_hal_gpio_ex.o" --specs=nano.specs -mfloat-abi=soft -mthumb -o "Drivers/STM32F1xx_HAL_Driver/Src/stm32f1xx_hal_gpio_ex.o"
arm-none-eabi-gcc "../Drivers/STM32F1xx_HAL_Driver/Src/stm32f1xx_hal_pwr.c" -mcpu=cortex-m3 -std=gnu11 -g3 -DDEBUG -DUSE_HAL_DRIVER -DSTM32F103x6 -c -I../Core/Inc -I../Drivers/STM32F1xx_HAL_Driver/Inc/Legacy -I../Drivers/STM32F1xx_HAL_Driver/Inc -I../Drivers/CMSIS/Device/ST/STM32F1xx/Include -I../Drivers/CMSIS/Include -O0 -ffunction-sections -fdata-sections -Wall -fstack-usage -fcyclomatic-complexity -MMD -MP -MF"Drivers/STM32F1xx_HAL_Driver/Src/stm32f1xx_hal_pwr.d" -MT"Drivers/STM32F1xx_HAL_Driver/Src/stm32f1xx_hal_pwr.o" --specs=nano.specs -mfloat-abi=soft -mthumb -o "Drivers/STM32F1xx_HAL_Driver/Src/stm32f1xx_hal_pwr.o"
arm-none-eabi-gcc "../Drivers/STM32F1xx_HAL_Driver/Src/stm32f1xx_hal_rcc.c" -mcpu=cortex-m3 -std=gnu11 -g3 -DDEBUG -DUSE_HAL_DRIVER -DSTM32F103x6 -c -I../Core/Inc -I../Drivers/STM32F1xx_HAL_Driver/Inc/Legacy -I../Drivers/STM32F1xx_HAL_Driver/Inc -I../Drivers/CMSIS/Device/ST/STM32F1xx/Include -I../Drivers/CMSIS/Include -O0 -ffunction-sections -fdata-sections -Wall -fstack-usage -fcyclomatic-complexity -MMD -MP -MF"Drivers/STM32F1xx_HAL_Driver/Src/stm32f1xx_hal_rcc.d" -MT"Drivers/STM32F1xx_HAL_Driver/Src/stm32f1xx_hal_rcc.o" --specs=nano.specs -mfloat-abi=soft -mthumb -o "Drivers/STM32F1xx_HAL_Driver/Src/stm32f1xx_hal_rcc.o"
arm-none-eabi-gcc "../Drivers/STM32F1xx_HAL_Driver/Src/stm32f1xx_hal_rcc_ex.c" -mcpu=cortex-m3 -std=gnu11 -g3 -DDEBUG -DUSE_HAL_DRIVER -DSTM32F103x6 -c -I../Core/Inc -I../Drivers/STM32F1xx_HAL_Driver/Inc/Legacy -I../Drivers/STM32F1xx_HAL_Driver/Inc -I../Drivers/CMSIS/Device/ST/STM32F1xx/Include -I../Drivers/CMSIS/Include -O0 -ffunction-sections -fdata-sections -Wall -fstack-usage -fcyclomatic-complexity -MMD -MP -MF"Drivers/STM32F1xx_HAL_Driver/Src/stm32f1xx_hal_rcc_ex.d" -MT"Drivers/STM32F1xx_HAL_Driver/Src/stm32f1xx_hal_rcc_ex.o" --specs=nano.specs -mfloat-abi=soft -mthumb -o "Drivers/STM32F1xx_HAL_Driver/Src/stm32f1xx_hal_rcc_ex.o"
arm-none-eabi-gcc "../Drivers/STM32F1xx_HAL_Driver/Src/stm32f1xx_hal_tim.c" -mcpu=cortex-m3 -std=gnu11 -g3 -DDEBUG -DUSE_HAL_DRIVER -DSTM32F103x6 -c -I../Core/Inc -I../Drivers/STM32F1xx_HAL_Driver/Inc/Legacy -I../Drivers/STM32F1xx_HAL_Driver/Inc -I../Drivers/CMSIS/Device/ST/STM32F1xx/Include -I../Drivers/CMSIS/Include -O0 -ffunction-sections -fdata-sections -Wall -fstack-usage -fcyclomatic-complexity -MMD -MP -MF"Drivers/STM32F1xx_HAL_Driver/Src/stm32f1xx_hal_tim.d" -MT"Drivers/STM32F1xx_HAL_Driver/Src/stm32f1xx_hal_tim.o" --specs=nano.specs -mfloat-abi=soft -mthumb -o "Drivers/STM32F1xx_HAL_Driver/Src/stm32f1xx_hal_tim.o"
arm-none-eabi-gcc "../Drivers/STM32F1xx_HAL_Driver/Src/stm32f1xx_hal_tim_ex.c" -mcpu=cortex-m3 -std=gnu11 -g3 -DDEBUG -DUSE_HAL_DRIVER -DSTM32F103x6 -c -I../Core/Inc -I../Drivers/STM32F1xx_HAL_Driver/Inc/Legacy -I../Drivers/STM32F1xx_HAL_Driver/Inc -I../Drivers/CMSIS/Device/ST/STM32F1xx/Include -I../Drivers/CMSIS/Include -O0 -ffunction-sections -fdata-sections -Wall -fstack-usage -fcyclomatic-complexity -MMD -MP -MF"Drivers/STM32F1xx_HAL_Driver/Src/stm32f1xx_hal_tim_ex.d" -MT"Drivers/STM32F1xx_HAL_Driver/Src/stm32f1xx_hal_tim_ex.o" --specs=nano.specs -mfloat-abi=soft -mthumb -o "Drivers/STM32F1xx_HAL_Driver/Src/stm32f1xx_hal_tim_ex.o"
arm-none-eabi-gcc -mcpu=cortex-m3 -g3 -DDEBUG -c -x assembler-with-cpp -MMD -MP -MF"Core/Startup/startup_stm32f103c6ux.d" -MT"Core/Startup/startup_stm32f103c6ux.o" --specs=nano.specs -mfloat-abi=soft -mthumb -o "Core/Startup/startup_stm32f103c6ux.o" "../Core/Startup/startup_stm32f103c6ux.s"
arm-none-eabi-gcc "../Core/Src/main.c" -mcpu=cortex-m3 -std=gnu11 -g3 -DDEBUG -DUSE_HAL_DRIVER -DSTM32F103x6 -c -I../Core/Inc -I../Drivers/STM32F1xx_HAL_Driver/Inc/Legacy -I../Drivers/STM32F1xx_HAL_Driver/Inc -I../Drivers/CMSIS/Device/ST/STM32F1xx/Include -I../Drivers/CMSIS/Include -O0 -ffunction-sections -fdata-sections -Wall -fstack-usage -fcyclomatic-complexity -MMD -MP -MF"Core/Src/main.d" -MT"Core/Src/main.o" --specs=nano.specs -mfloat-abi=soft -mthumb -o "Core/Src/main.o"
arm-none-eabi-gcc "../Core/Src/stm32f1xx_hal_msp.c" -mcpu=cortex-m3 -std=gnu11 -g3 -DDEBUG -DUSE_HAL_DRIVER -DSTM32F103x6 -c -I../Core/Inc -I../Drivers/STM32F1xx_HAL_Driver/Inc/Legacy -I../Drivers/STM32F1xx_HAL_Driver/Inc -I../Drivers/CMSIS/Device/ST/STM32F1xx/Include -I../Drivers/CMSIS/Include -O0 -ffunction-sections -fdata-sections -Wall -fstack-usage -fcyclomatic-complexity -MMD -MP -MF"Core/Src/stm32f1xx_hal_msp.d" -MT"Core/Src/stm32f1xx_hal_msp.o" --specs=nano.specs -mfloat-abi=soft -mthumb -o "Core/Src/stm32f1xx_hal_msp.o"
arm-none-eabi-gcc "../Core/Src/stm32f1xx_it.c" -mcpu=cortex-m3 -std=gnu11 -g3 -DDEBUG -DUSE_HAL_DRIVER -DSTM32F103x6 -c -I../Core/Inc -I../Drivers/STM32F1xx_HAL_Driver/Inc/Legacy -I../Drivers/STM32F1xx_HAL_Driver/Inc -I../Drivers/CMSIS/Device/ST/STM32F1xx/Include -I../Drivers/CMSIS/Include -O0 -ffunction-sections -fdata-sections -Wall -fstack-usage -fcyclomatic-complexity -MMD -MP -MF"Core/Src/stm32f1xx_it.d" -MT"Core/Src/stm32f1xx_it.o" --specs=nano.specs -mfloat-abi=soft -mthumb -o "Core/Src/stm32f1xx_it.o"
arm-none-eabi-gcc "../Core/Src/syscalls.c" -mcpu=cortex-m3 -std=gnu11 -g3 -DDEBUG -DUSE_HAL_DRIVER -DSTM32F103x6 -c -I../Core/Inc -I../Drivers/STM32F1xx_HAL_Driver/Inc/Legacy -I../Drivers/STM32F1xx_HAL_Driver/Inc -I../Drivers/CMSIS/Device/ST/STM32F1xx/Include -I../Drivers/CMSIS/Include -O0 -ffunction-sections -fdata-sections -Wall -fstack-usage -fcyclomatic-complexity -MMD -MP -MF"Core/Src/syscalls.d" -MT"Core/Src/syscalls.o" --specs=nano.specs -mfloat-abi=soft -mthumb -o "Core/Src/syscalls.o"
arm-none-eabi-gcc "../Core/Src/sysmem.c" -mcpu=cortex-m3 -std=gnu11 -g3 -DDEBUG -DUSE_HAL_DRIVER -DSTM32F103x6 -c -I../Core/Inc -I../Drivers/STM32F1xx_HAL_Driver/Inc/Legacy -I../Drivers/STM32F1xx_HAL_Driver/Inc -I../Drivers/CMSIS/Device/ST/STM32F1xx/Include -I../Drivers/CMSIS/Include -O0 -ffunction-sections -fdata-sections -Wall -fstack-usage -fcyclomatic-complexity -MMD -MP -MF"Core/Src/sysmem.d" -MT"Core/Src/sysmem.o" --specs=nano.specs -mfloat-abi=soft -mthumb -o "Core/Src/sysmem.o"
arm-none-eabi-gcc "../Core/Src/system_stm32f1xx.c" -mcpu=cortex-m3 -std=gnu11 -g3 -DDEBUG -DUSE_HAL_DRIVER -DSTM32F103x6 -c -I../Core/Inc -I../Drivers/STM32F1xx_HAL_Driver/Inc/Legacy -I../Drivers/STM32F1xx_HAL_Driver/Inc -I../Drivers/CMSIS/Device/ST/STM32F1xx/Include -I../Drivers/CMSIS/Include -O0 -ffunction-sections -fdata-sections -Wall -fstack-usage -fcyclomatic-complexity -MMD -MP -MF"Core/Src/system_stm32f1xx.d" -MT"Core/Src/system_stm32f1xx.o" --specs=nano.specs -mfloat-abi=soft -mthumb -o "Core/Src/system_stm32f1xx.o"
arm-none-eabi-gcc -o "LAB2.elf" @"objects.list"   -mcpu=cortex-m3 -T"/Users/khanh/CO3010/CO3010-LAB2-2311523/STM32Project/LAB2/STM32F103C6UX_FLASH.ld" --specs=nosys.specs -Wl,-Map="LAB2.map" -Wl,--gc-sections -static --specs=nano.specs -mfloat-abi=soft -mthumb -Wl,--start-group -lc -lm -Wl,--end-group
Finished building target: LAB2.elf
 
arm-none-eabi-size  LAB2.elf 
arm-none-eabi-objdump -h -S LAB2.elf  > "LAB2.list"
arm-none-eabi-objcopy  -O ihex LAB2.elf  "LAB2.hex"
arm-none-eabi-objcopy  -O binary LAB2.elf  "LAB2.bin"
   text	   data	    bss	    dec	    hex	filename
   7300	     12	   1652	   8964	   2304	LAB2.elf
Finished building: default.size.stdout
 
Finished building: LAB2.hex
Finished building: LAB2.bin
 
 
Finished building: LAB2.list
 
14:03:39 **** Incremental Build of configuration Debug for project LAB2 ****
make -j10 all 
arm-none-eabi-gcc "../Drivers/STM32F1xx_HAL_Driver/Src/stm32f1xx_hal.c" -mcpu=cortex-m3 -std=gnu11 -g3 -DDEBUG -DUSE_HAL_DRIVER -DSTM32F103x6 -c -I../Core/Inc -I../Drivers/STM32F1xx_HAL_Driver/Inc/Legacy -I../Drivers/STM32F1xx_HAL_Driver/Inc -I../Drivers/CMSIS/Device/ST/STM32F1xx/Include -I../Drivers/CMSIS/Include -O0 -ffunction-sections -fdata-sections -Wall -fstack-usage -fcyclomatic-complexity -MMD -MP -MF"Drivers/STM32F1xx_HAL_Driver/Src/stm32f1xx_hal.d" -MT"Drivers/STM32F1xx_HAL_Driver/Src/stm32f1xx_hal.o" --specs=nano.specs -mfloat-abi=soft -mthumb -o "Drivers/STM32F1xx_HAL_Driver/Src/stm32f1xx_hal.o"
arm-none-eabi-gcc "../Drivers/STM32F1xx_HAL_Driver/Src/stm32f1xx_hal_cortex.c" -mcpu=cortex-m3 -std=gnu11 -g3 -DDEBUG -DUSE_HAL_DRIVER -DSTM32F103x6 -c -I../Core/Inc -I../Drivers/STM32F1xx_HAL_Driver/Inc/Legacy -I../Drivers/STM32F1xx_HAL_Driver/Inc -I../Drivers/CMSIS/Device/ST/STM32F1xx/Include -I../Drivers/CMSIS/Include -O0 -ffunction-sections -fdata-sections -Wall -fstack-usage -fcyclomatic-complexity -MMD -MP -MF"Drivers/STM32F1xx_HAL_Driver/Src/stm32f1xx_hal_cortex.d" -MT"Drivers/STM32F1xx_HAL_Driver/Src/stm32f1xx_hal_cortex.o" --specs=nano.specs -mfloat-abi=soft -mthumb -o "Drivers/STM32F1xx_HAL_Driver/Src/stm32f1xx_hal_cortex.o"
arm-none-eabi-gcc "../Drivers/STM32F1xx_HAL_Driver/Src/stm32f1xx_hal_dma.c" -mcpu=cortex-m3 -std=gnu11 -g3 -DDEBUG -DUSE_HAL_DRIVER -DSTM32F103x6 -c -I../Core/Inc -I../Drivers/STM32F1xx_HAL_Driver/Inc/Legacy -I../Drivers/STM32F1xx_HAL_Driver/Inc -I../Drivers/CMSIS/Device/ST/STM32F1xx/Include -I../Drivers/CMSIS/Include -O0 -ffunction-sections -fdata-sections -Wall -fstack-usage -fcyclomatic-complexity -MMD -MP -MF"Drivers/STM32F1xx_HAL_Driver/Src/stm32f1xx_hal_dma.d" -MT"Drivers/STM32F1xx_HAL_Driver/Src/stm32f1xx_hal_dma.o" --specs=nano.specs -mfloat-abi=soft -mthumb -o "Drivers/STM32F1xx_HAL_Driver/Src/stm32f1xx_hal_dma.o"
arm-none-eabi-gcc "../Drivers/STM32F1xx_HAL_Driver/Src/stm32f1xx_hal_exti.c" -mcpu=cortex-m3 -std=gnu11 -g3 -DDEBUG -DUSE_HAL_DRIVER -DSTM32F103x6 -c -I../Core/Inc -I../Drivers/STM32F1xx_HAL_Driver/Inc/Legacy -I../Drivers/STM32F1xx_HAL_Driver/Inc -I../Drivers/CMSIS/Device/ST/STM32F1xx/Include -I../Drivers/CMSIS/Include -O0 -ffunction-sections -fdata-sections -Wall -fstack-usage -fcyclomatic-complexity -MMD -MP -MF"Drivers/STM32F1xx_HAL_Driver/Src/stm32f1xx_hal_exti.d" -MT"Drivers/STM32F1xx_HAL_Driver/Src/stm32f1xx_hal_exti.o" --specs=nano.specs -mfloat-abi=soft -mthumb -o "Drivers/STM32F1xx_HAL_Driver/Src/stm32f1xx_hal_exti.o"
arm-none-eabi-gcc "../Drivers/STM32F1xx_HAL_Driver/Src/stm32f1xx_hal_flash.c" -mcpu=cortex-m3 -std=gnu11 -g3 -DDEBUG -DUSE_HAL_DRIVER -DSTM32F103x6 -c -I../Core/Inc -I../Drivers/STM32F1xx_HAL_Driver/Inc/Legacy -I../Drivers/STM32F1xx_HAL_Driver/Inc -I../Drivers/CMSIS/Device/ST/STM32F1xx/Include -I../Drivers/CMSIS/Include -O0 -ffunction-sections -fdata-sections -Wall -fstack-usage -fcyclomatic-complexity -MMD -MP -MF"Drivers/STM32F1xx_HAL_Driver/Src/stm32f1xx_hal_flash.d" -MT"Drivers/STM32F1xx_HAL_Driver/Src/stm32f1xx_hal_flash.o" --specs=nano.specs -mfloat-abi=soft -mthumb -o "Drivers/STM32F1xx_HAL_Driver/Src/stm32f1xx_hal_flash.o"
arm-none-eabi-gcc "../Drivers/STM32F1xx_HAL_Driver/Src/stm32f1xx_hal_flash_ex.c" -mcpu=cortex-m3 -std=gnu11 -g3 -DDEBUG -DUSE_HAL_DRIVER -DSTM32F103x6 -c -I../Core/Inc -I../Drivers/STM32F1xx_HAL_Driver/Inc/Legacy -I../Drivers/STM32F1xx_HAL_Driver/Inc -I../Drivers/CMSIS/Device/ST/STM32F1xx/Include -I../Drivers/CMSIS/Include -O0 -ffunction-sections -fdata-sections -Wall -fstack-usage -fcyclomatic-complexity -MMD -MP -MF"Drivers/STM32F1xx_HAL_Driver/Src/stm32f1xx_hal_flash_ex.d" -MT"Drivers/STM32F1xx_HAL_Driver/Src/stm32f1xx_hal_flash_ex.o" --specs=nano.specs -mfloat-abi=soft -mthumb -o "Drivers/STM32F1xx_HAL_Driver/Src/stm32f1xx_hal_flash_ex.o"
arm-none-eabi-gcc "../Drivers/STM32F1xx_HAL_Driver/Src/stm32f1xx_hal_gpio.c" -mcpu=cortex-m3 -std=gnu11 -g3 -DDEBUG -DUSE_HAL_DRIVER -DSTM32F103x6 -c -I../Core/Inc -I../Drivers/STM32F1xx_HAL_Driver/Inc/Legacy -I../Drivers/STM32F1xx_HAL_Driver/Inc -I../Drivers/CMSIS/Device/ST/STM32F1xx/Include -I../Drivers/CMSIS/Include -O0 -ffunction-sections -fdata-sections -Wall -fstack-usage -fcyclomatic-complexity -MMD -MP -MF"Drivers/STM32F1xx_HAL_Driver/Src/stm32f1xx_hal_gpio.d" -MT"Drivers/STM32F1xx_HAL_Driver/Src/stm32f1xx_hal_gpio.o" --specs=nano.specs -mfloat-abi=soft -mthumb -o "Drivers/STM32F1xx_HAL_Driver/Src/stm32f1xx_hal_gpio.o"
arm-none-eabi-gcc "../Drivers/STM32F1xx_HAL_Driver/Src/stm32f1xx_hal_gpio_ex.c" -mcpu=cortex-m3 -std=gnu11 -g3 -DDEBUG -DUSE_HAL_DRIVER -DSTM32F103x6 -c -I../Core/Inc -I../Drivers/STM32F1xx_HAL_Driver/Inc/Legacy -I../Drivers/STM32F1xx_HAL_Driver/Inc -I../Drivers/CMSIS/Device/ST/STM32F1xx/Include -I../Drivers/CMSIS/Include -O0 -ffunction-sections -fdata-sections -Wall -fstack-usage -fcyclomatic-complexity -MMD -MP -MF"Drivers/STM32F1xx_HAL_Driver/Src/stm32f1xx_hal_gpio_ex.d" -MT"Drivers/STM32F1xx_HAL_Driver/Src/stm32f1xx_hal_gpio_ex.o" --specs=nano.specs -mfloat-abi=soft -mthumb -o "Drivers/STM32F1xx_HAL_Driver/Src/stm32f1xx_hal_gpio_ex.o"
arm-none-eabi-gcc "../Drivers/STM32F1xx_HAL_Driver/Src/stm32f1xx_hal_pwr.c" -mcpu=cortex-m3 -std=gnu11 -g3 -DDEBUG -DUSE_HAL_DRIVER -DSTM32F103x6 -c -I../Core/Inc -I../Drivers/STM32F1xx_HAL_Driver/Inc/Legacy -I../Drivers/STM32F1xx_HAL_Driver/Inc -I../Drivers/CMSIS/Device/ST/STM32F1xx/Include -I../Drivers/CMSIS/Include -O0 -ffunction-sections -fdata-sections -Wall -fstack-usage -fcyclomatic-complexity -MMD -MP -MF"Drivers/STM32F1xx_HAL_Driver/Src/stm32f1xx_hal_pwr.d" -MT"Drivers/STM32F1xx_HAL_Driver/Src/stm32f1xx_hal_pwr.o" --specs=nano.specs -mfloat-abi=soft -mthumb -o "Drivers/STM32F1xx_HAL_Driver/Src/stm32f1xx_hal_pwr.o"
arm-none-eabi-gcc "../Drivers/STM32F1xx_HAL_Driver/Src/stm32f1xx_hal_rcc.c" -mcpu=cortex-m3 -std=gnu11 -g3 -DDEBUG -DUSE_HAL_DRIVER -DSTM32F103x6 -c -I../Core/Inc -I../Drivers/STM32F1xx_HAL_Driver/Inc/Legacy -I../Drivers/STM32F1xx_HAL_Driver/Inc -I../Drivers/CMSIS/Device/ST/STM32F1xx/Include -I../Drivers/CMSIS/Include -O0 -ffunction-sections -fdata-sections -Wall -fstack-usage -fcyclomatic-complexity -MMD -MP -MF"Drivers/STM32F1xx_HAL_Driver/Src/stm32f1xx_hal_rcc.d" -MT"Drivers/STM32F1xx_HAL_Driver/Src/stm32f1xx_hal_rcc.o" --specs=nano.specs -mfloat-abi=soft -mthumb -o "Drivers/STM32F1xx_HAL_Driver/Src/stm32f1xx_hal_rcc.o"
arm-none-eabi-gcc "../Drivers/STM32F1xx_HAL_Driver/Src/stm32f1xx_hal_rcc_ex.c" -mcpu=cortex-m3 -std=gnu11 -g3 -DDEBUG -DUSE_HAL_DRIVER -DSTM32F103x6 -c -I../Core/Inc -I../Drivers/STM32F1xx_HAL_Driver/Inc/Legacy -I../Drivers/STM32F1xx_HAL_Driver/Inc -I../Drivers/CMSIS/Device/ST/STM32F1xx/Include -I../Drivers/CMSIS/Include -O0 -ffunction-sections -fdata-sections -Wall -fstack-usage -fcyclomatic-complexity -MMD -MP -MF"Drivers/STM32F1xx_HAL_Driver/Src/stm32f1xx_hal_rcc_ex.d" -MT"Drivers/STM32F1xx_HAL_Driver/Src/stm32f1xx_hal_rcc_ex.o" --specs=nano.specs -mfloat-abi=soft -mthumb -o "Drivers/STM32F1xx_HAL_Driver/Src/stm32f1xx_hal_rcc_ex.o"
arm-none-eabi-gcc "../Drivers/STM32F1xx_HAL_Driver/Src/stm32f1xx_hal_tim.c" -mcpu=cortex-m3 -std=gnu11 -g3 -DDEBUG -DUSE_HAL_DRIVER -DSTM32F103x6 -c -I../Core/Inc -I../Drivers/STM32F1xx_HAL_Driver/Inc/Legacy -I../Drivers/STM32F1xx_HAL_Driver/Inc -I../Drivers/CMSIS/Device/ST/STM32F1xx/Include -I../Drivers/CMSIS/Include -O0 -ffunction-sections -fdata-sections -Wall -fstack-usage -fcyclomatic-complexity -MMD -MP -MF"Drivers/STM32F1xx_HAL_Driver/Src/stm32f1xx_hal_tim.d" -MT"Drivers/STM32F1xx_HAL_Driver/Src/stm32f1xx_hal_tim.o" --specs=nano.specs -mfloat-abi=soft -mthumb -o "Drivers/STM32F1xx_HAL_Driver/Src/stm32f1xx_hal_tim.o"
arm-none-eabi-gcc "../Drivers/STM32F1xx_HAL_Driver/Src/stm32f1xx_hal_tim_ex.c" -mcpu=cortex-m3 -std=gnu11 -g3 -DDEBUG -DUSE_HAL_DRIVER -DSTM32F103x6 -c -I../Core/Inc -I../Drivers/STM32F1xx_HAL_Driver/Inc/Legacy -I../Drivers/STM32F1xx_HAL_Driver/Inc -I../Drivers/CMSIS/Device/ST/STM32F1xx/Include -I../Drivers/CMSIS/Include -O0 -ffunction-sections -fdata-sections -Wall -fstack-usage -fcyclomatic-complexity -MMD -MP -MF"Drivers/STM32F1xx_HAL_Driver/Src/stm32f1xx_hal_tim_ex.d" -MT"Drivers/STM32F1xx_HAL_Driver/Src/stm32f1xx_hal_tim_ex.o" --specs=nano.specs -mfloat-abi=soft -mthumb -o "Drivers/STM32F1xx_HAL_Driver/Src/stm32f1xx_hal_tim_ex.o"
arm-none-eabi-gcc "../Core/Src/led7SEG_display.c" -mcpu=cortex-m3 -std=gnu11 -g3 -DDEBUG -DUSE_HAL_DRIVER -DSTM32F103x6 -c -I../Core/Inc -I../Drivers/STM32F1xx_HAL_Driver/Inc/Legacy -I../Drivers/STM32F1xx_HAL_Driver/Inc -I../Drivers/CMSIS/Device/ST/STM32F1xx/Include -I../Drivers/CMSIS/Include -O0 -ffunction-sections -fdata-sections -Wall -fstack-usage -fcyclomatic-complexity -MMD -MP -MF"Core/Src/led7SEG_display.d" -MT"Core/Src/led7SEG_display.o" --specs=nano.specs -mfloat-abi=soft -mthumb -o "Core/Src/led7SEG_display.o"
arm-none-eabi-gcc "../Core/Src/main.c" -mcpu=cortex-m3 -std=gnu11 -g3 -DDEBUG -DUSE_HAL_DRIVER -DSTM32F103x6 -c -I../Core/Inc -I../Drivers/STM32F1xx_HAL_Driver/Inc/Legacy -I../Drivers/STM32F1xx_HAL_Driver/Inc -I../Drivers/CMSIS/Device/ST/STM32F1xx/Include -I../Drivers/CMSIS/Include -O0 -ffunction-sections -fdata-sections -Wall -fstack-usage -fcyclomatic-complexity -MMD -MP -MF"Core/Src/main.d" -MT"Core/Src/main.o" --specs=nano.specs -mfloat-abi=soft -mthumb -o "Core/Src/main.o"
arm-none-eabi-gcc "../Core/Src/software_timer.c" -mcpu=cortex-m3 -std=gnu11 -g3 -DDEBUG -DUSE_HAL_DRIVER -DSTM32F103x6 -c -I../Core/Inc -I../Drivers/STM32F1xx_HAL_Driver/Inc/Legacy -I../Drivers/STM32F1xx_HAL_Driver/Inc -I../Drivers/CMSIS/Device/ST/STM32F1xx/Include -I../Drivers/CMSIS/Include -O0 -ffunction-sections -fdata-sections -Wall -fstack-usage -fcyclomatic-complexity -MMD -MP -MF"Core/Src/software_timer.d" -MT"Core/Src/software_timer.o" --specs=nano.specs -mfloat-abi=soft -mthumb -o "Core/Src/software_timer.o"
arm-none-eabi-gcc "../Core/Src/stm32f1xx_hal_msp.c" -mcpu=cortex-m3 -std=gnu11 -g3 -DDEBUG -DUSE_HAL_DRIVER -DSTM32F103x6 -c -I../Core/Inc -I../Drivers/STM32F1xx_HAL_Driver/Inc/Legacy -I../Drivers/STM32F1xx_HAL_Driver/Inc -I../Drivers/CMSIS/Device/ST/STM32F1xx/Include -I../Drivers/CMSIS/Include -O0 -ffunction-sections -fdata-sections -Wall -fstack-usage -fcyclomatic-complexity -MMD -MP -MF"Core/Src/stm32f1xx_hal_msp.d" -MT"Core/Src/stm32f1xx_hal_msp.o" --specs=nano.specs -mfloat-abi=soft -mthumb -o "Core/Src/stm32f1xx_hal_msp.o"
arm-none-eabi-gcc "../Core/Src/stm32f1xx_it.c" -mcpu=cortex-m3 -std=gnu11 -g3 -DDEBUG -DUSE_HAL_DRIVER -DSTM32F103x6 -c -I../Core/Inc -I../Drivers/STM32F1xx_HAL_Driver/Inc/Legacy -I../Drivers/STM32F1xx_HAL_Driver/Inc -I../Drivers/CMSIS/Device/ST/STM32F1xx/Include -I../Drivers/CMSIS/Include -O0 -ffunction-sections -fdata-sections -Wall -fstack-usage -fcyclomatic-complexity -MMD -MP -MF"Core/Src/stm32f1xx_it.d" -MT"Core/Src/stm32f1xx_it.o" --specs=nano.specs -mfloat-abi=soft -mthumb -o "Core/Src/stm32f1xx_it.o"
arm-none-eabi-gcc "../Core/Src/syscalls.c" -mcpu=cortex-m3 -std=gnu11 -g3 -DDEBUG -DUSE_HAL_DRIVER -DSTM32F103x6 -c -I../Core/Inc -I../Drivers/STM32F1xx_HAL_Driver/Inc/Legacy -I../Drivers/STM32F1xx_HAL_Driver/Inc -I../Drivers/CMSIS/Device/ST/STM32F1xx/Include -I../Drivers/CMSIS/Include -O0 -ffunction-sections -fdata-sections -Wall -fstack-usage -fcyclomatic-complexity -MMD -MP -MF"Core/Src/syscalls.d" -MT"Core/Src/syscalls.o" --specs=nano.specs -mfloat-abi=soft -mthumb -o "Core/Src/syscalls.o"
arm-none-eabi-gcc "../Core/Src/sysmem.c" -mcpu=cortex-m3 -std=gnu11 -g3 -DDEBUG -DUSE_HAL_DRIVER -DSTM32F103x6 -c -I../Core/Inc -I../Drivers/STM32F1xx_HAL_Driver/Inc/Legacy -I../Drivers/STM32F1xx_HAL_Driver/Inc -I../Drivers/CMSIS/Device/ST/STM32F1xx/Include -I../Drivers/CMSIS/Include -O0 -ffunction-sections -fdata-sections -Wall -fstack-usage -fcyclomatic-complexity -MMD -MP -MF"Core/Src/sysmem.d" -MT"Core/Src/sysmem.o" --specs=nano.specs -mfloat-abi=soft -mthumb -o "Core/Src/sysmem.o"
../Core/Src/software_timer.c:14:6: error: redefinition of 'setTimer0'
   14 | void setTimer0(int duration) {
      |      ^~~~~~~~~
In file included from ../Core/Src/software_timer.c:9:
../Core/Inc/software_timer.h:13:6: note: previous definition of 'setTimer0' with type 'void(int)'
   13 | void setTimer0(int duration){}
      |      ^~~~~~~~~
../Core/Src/software_timer.c:19:5: error: redefinition of 'timer1_counter'
   19 | int timer1_counter = 0;
      |     ^~~~~~~~~~~~~~
../Core/Inc/software_timer.h:15:5: note: previous definition of 'timer1_counter' with type 'int'
   15 | int timer1_counter = 0;
      |     ^~~~~~~~~~~~~~
../Core/Src/software_timer.c:20:5: error: redefinition of 'timer1_flag'
   20 | int timer1_flag = 0;
      |     ^~~~~~~~~~~
../Core/Inc/software_timer.h:16:5: note: previous definition of 'timer1_flag' with type 'int'
   16 | int timer1_flag = 0;
      |     ^~~~~~~~~~~
../Core/Src/software_timer.c:22:6: error: redefinition of 'setTimer1'
   22 | void setTimer1(int duration) {
      |      ^~~~~~~~~
../Core/Inc/software_timer.h:18:6: note: previous definition of 'setTimer1' with type 'void(int)'
   18 | void setTimer1(int duration){}
      |      ^~~~~~~~~
../Core/Src/software_timer.c:27:6: error: redefinition of 'runTimer'
   27 | void runTimer() {
      |      ^~~~~~~~
../Core/Inc/software_timer.h:20:6: note: previous definition of 'runTimer' with type 'void()'
   20 | void runTimer() {}
      |      ^~~~~~~~
make: *** [Core/Src/subdir.mk:40: Core/Src/software_timer.o] Error 1
make: *** Waiting for unfinished jobs....
"make -j10 all" terminated with exit code 2. Build might be incomplete.
14:05:01 **** Incremental Build of configuration Debug for project LAB2 ****
make -j10 all 
arm-none-eabi-gcc "../Core/Src/software_timer.c" -mcpu=cortex-m3 -std=gnu11 -g3 -DDEBUG -DUSE_HAL_DRIVER -DSTM32F103x6 -c -I../Core/Inc -I../Drivers/STM32F1xx_HAL_Driver/Inc/Legacy -I../Drivers/STM32F1xx_HAL_Driver/Inc -I../Drivers/CMSIS/Device/ST/STM32F1xx/Include -I../Drivers/CMSIS/Include -O0 -ffunction-sections -fdata-sections -Wall -fstack-usage -fcyclomatic-complexity -MMD -MP -MF"Core/Src/software_timer.d" -MT"Core/Src/software_timer.o" --specs=nano.specs -mfloat-abi=soft -mthumb -o "Core/Src/software_timer.o"
arm-none-eabi-gcc "../Core/Src/system_stm32f1xx.c" -mcpu=cortex-m3 -std=gnu11 -g3 -DDEBUG -DUSE_HAL_DRIVER -DSTM32F103x6 -c -I../Core/Inc -I../Drivers/STM32F1xx_HAL_Driver/Inc/Legacy -I../Drivers/STM32F1xx_HAL_Driver/Inc -I../Drivers/CMSIS/Device/ST/STM32F1xx/Include -I../Drivers/CMSIS/Include -O0 -ffunction-sections -fdata-sections -Wall -fstack-usage -fcyclomatic-complexity -MMD -MP -MF"Core/Src/system_stm32f1xx.d" -MT"Core/Src/system_stm32f1xx.o" --specs=nano.specs -mfloat-abi=soft -mthumb -o "Core/Src/system_stm32f1xx.o"
../Core/Src/software_timer.c:19:5: error: redefinition of 'timer1_counter'
   19 | int timer1_counter = 0;
      |     ^~~~~~~~~~~~~~
In file included from ../Core/Src/software_timer.c:9:
../Core/Inc/software_timer.h:15:5: note: previous definition of 'timer1_counter' with type 'int'
   15 | int timer1_counter = 0;
      |     ^~~~~~~~~~~~~~
../Core/Src/software_timer.c:20:5: error: redefinition of 'timer1_flag'
   20 | int timer1_flag = 0;
      |     ^~~~~~~~~~~
../Core/Inc/software_timer.h:16:5: note: previous definition of 'timer1_flag' with type 'int'
   16 | int timer1_flag = 0;
      |     ^~~~~~~~~~~
make: *** [Core/Src/subdir.mk:40: Core/Src/software_timer.o] Error 1
make: *** Waiting for unfinished jobs....
"make -j10 all" terminated with exit code 2. Build might be incomplete.
14:05:07 **** Incremental Build of configuration Debug for project LAB2 ****
make -j10 all 
arm-none-eabi-gcc "../Core/Src/software_timer.c" -mcpu=cortex-m3 -std=gnu11 -g3 -DDEBUG -DUSE_HAL_DRIVER -DSTM32F103x6 -c -I../Core/Inc -I../Drivers/STM32F1xx_HAL_Driver/Inc/Legacy -I../Drivers/STM32F1xx_HAL_Driver/Inc -I../Drivers/CMSIS/Device/ST/STM32F1xx/Include -I../Drivers/CMSIS/Include -O0 -ffunction-sections -fdata-sections -Wall -fstack-usage -fcyclomatic-complexity -MMD -MP -MF"Core/Src/software_timer.d" -MT"Core/Src/software_timer.o" --specs=nano.specs -mfloat-abi=soft -mthumb -o "Core/Src/software_timer.o"
arm-none-eabi-gcc -o "LAB2.elf" @"objects.list"   -mcpu=cortex-m3 -T"/Users/khanh/CO3010/CO3010-LAB2-2311523/STM32Project/LAB2/STM32F103C6UX_FLASH.ld" --specs=nosys.specs -Wl,-Map="LAB2.map" -Wl,--gc-sections -static --specs=nano.specs -mfloat-abi=soft -mthumb -Wl,--start-group -lc -lm -Wl,--end-group
Finished building target: LAB2.elf
 
arm-none-eabi-size  LAB2.elf 
arm-none-eabi-objdump -h -S LAB2.elf  > "LAB2.list"
arm-none-eabi-objcopy  -O ihex LAB2.elf  "LAB2.hex"
arm-none-eabi-objcopy  -O binary LAB2.elf  "LAB2.bin"
   text	   data	    bss	    dec	    hex	filename
   7252	     24	   1656	   8932	   22e4	LAB2.elf
Finished building: default.size.stdout
 
Finished building: LAB2.hex
Finished building: LAB2.bin
 
 
Finished building: LAB2.list
 
14:20:01 **** Incremental Build of configuration Debug for project LAB2 ****
make -j10 all 
arm-none-eabi-gcc "../Core/Src/main.c" -mcpu=cortex-m3 -std=gnu11 -g3 -DDEBUG -DUSE_HAL_DRIVER -DSTM32F103x6 -c -I../Core/Inc -I../Drivers/STM32F1xx_HAL_Driver/Inc/Legacy -I../Drivers/STM32F1xx_HAL_Driver/Inc -I../Drivers/CMSIS/Device/ST/STM32F1xx/Include -I../Drivers/CMSIS/Include -O0 -ffunction-sections -fdata-sections -Wall -fstack-usage -fcyclomatic-complexity -MMD -MP -MF"Core/Src/main.d" -MT"Core/Src/main.o" --specs=nano.specs -mfloat-abi=soft -mthumb -o "Core/Src/main.o"
arm-none-eabi-gcc "../Core/Src/software_timer.c" -mcpu=cortex-m3 -std=gnu11 -g3 -DDEBUG -DUSE_HAL_DRIVER -DSTM32F103x6 -c -I../Core/Inc -I../Drivers/STM32F1xx_HAL_Driver/Inc/Legacy -I../Drivers/STM32F1xx_HAL_Driver/Inc -I../Drivers/CMSIS/Device/ST/STM32F1xx/Include -I../Drivers/CMSIS/Include -O0 -ffunction-sections -fdata-sections -Wall -fstack-usage -fcyclomatic-complexity -MMD -MP -MF"Core/Src/software_timer.d" -MT"Core/Src/software_timer.o" --specs=nano.specs -mfloat-abi=soft -mthumb -o "Core/Src/software_timer.o"
../Core/Src/main.c:54:16: error: 'led_number' undeclared here (not in a function)
   54 | int led_buffer[led_number]={1,2,3,0};
      |                ^~~~~~~~~~
../Core/Src/main.c: In function 'main':
../Core/Src/main.c:102:13: error: 'DURATION0' undeclared (first use in this function); did you mean 'DURATION_0'?
  102 |   setTimer0(DURATION0);
      |             ^~~~~~~~~
      |             DURATION_0
../Core/Src/main.c:102:13: note: each undeclared identifier is reported only once for each function it appears in
../Core/Src/main.c:103:13: error: 'DURATION1' undeclared (first use in this function); did you mean 'DURATION_1'?
  103 |   setTimer1(DURATION1);
      |             ^~~~~~~~~
      |             DURATION_1
../Core/Src/main.c:104:13: error: 'DURATION2' undeclared (first use in this function); did you mean 'DURATION_2'?
  104 |   setTimer2(DURATION2);
      |             ^~~~~~~~~
      |             DURATION_2
../Core/Src/main.c:111:34: error: 'led_index' undeclared (first use in this function); did you mean 'seg7_index'?
  111 |           display7SEG(led_buffer[led_index]);
      |                                  ^~~~~~~~~
      |                                  seg7_index
../Core/Src/main.c:112:15: error: 'timer0_flag' undeclared (first use in this function)
  112 |           if (timer0_flag == 1) {
      |               ^~~~~~~~~~~
../Core/Src/main.c:114:38: error: 'LED_GPIO_Port' undeclared (first use in this function); did you mean 'SEG5_GPIO_Port'?
  114 |                   HAL_GPIO_TogglePin(LED_GPIO_Port, LED_Pin);
      |                                      ^~~~~~~~~~~~~
      |                                      SEG5_GPIO_Port
../Core/Src/main.c:114:53: error: 'LED_Pin' undeclared (first use in this function)
  114 |                   HAL_GPIO_TogglePin(LED_GPIO_Port, LED_Pin);
      |                                                     ^~~~~~~
../Core/Src/main.c:116:15: error: 'timer1_flag' undeclared (first use in this function)
  116 |           if (timer1_flag == 1) {
      |               ^~~~~~~~~~~
../Core/Src/main.c:121:45: error: 'EN_0_GPIO_Port' undeclared (first use in this function); did you mean 'EN0_GPIO_Port'?
  121 |                           HAL_GPIO_WritePin(EN_0_GPIO_Port, EN_0_Pin, GPIO_PIN_SET);
      |                                             ^~~~~~~~~~~~~~
      |                                             EN0_GPIO_Port
../Core/Src/main.c:121:61: error: 'EN_0_Pin' undeclared (first use in this function); did you mean 'EN0_Pin'?
  121 |                           HAL_GPIO_WritePin(EN_0_GPIO_Port, EN_0_Pin, GPIO_PIN_SET);
      |                                                             ^~~~~~~~
      |                                                             EN0_Pin
../Core/Src/main.c:122:45: error: 'EN_1_GPIO_Port' undeclared (first use in this function); did you mean 'EN1_GPIO_Port'?
  122 |                           HAL_GPIO_WritePin(EN_1_GPIO_Port, EN_1_Pin, GPIO_PIN_RESET);
      |                                             ^~~~~~~~~~~~~~
      |                                             EN1_GPIO_Port
../Core/Src/main.c:122:61: error: 'EN_1_Pin' undeclared (first use in this function); did you mean 'EN1_Pin'?
  122 |                           HAL_GPIO_WritePin(EN_1_GPIO_Port, EN_1_Pin, GPIO_PIN_RESET);
      |                                                             ^~~~~~~~
      |                                                             EN1_Pin
../Core/Src/main.c:123:45: error: 'EN_2_GPIO_Port' undeclared (first use in this function); did you mean 'EN2_GPIO_Port'?
  123 |                           HAL_GPIO_WritePin(EN_2_GPIO_Port, EN_2_Pin, GPIO_PIN_SET);
      |                                             ^~~~~~~~~~~~~~
      |                                             EN2_GPIO_Port
../Core/Src/main.c:123:61: error: 'EN_2_Pin' undeclared (first use in this function); did you mean 'EN2_Pin'?
  123 |                           HAL_GPIO_WritePin(EN_2_GPIO_Port, EN_2_Pin, GPIO_PIN_SET);
      |                                                             ^~~~~~~~
      |                                                             EN2_Pin
../Core/Src/main.c:124:45: error: 'EN_3_GPIO_Port' undeclared (first use in this function); did you mean 'EN3_GPIO_Port'?
  124 |                           HAL_GPIO_WritePin(EN_3_GPIO_Port, EN_3_Pin, GPIO_PIN_SET);
      |                                             ^~~~~~~~~~~~~~
      |                                             EN3_GPIO_Port
../Core/Src/main.c:124:61: error: 'EN_3_Pin' undeclared (first use in this function); did you mean 'EN3_Pin'?
  124 |                           HAL_GPIO_WritePin(EN_3_GPIO_Port, EN_3_Pin, GPIO_PIN_SET);
      |                                                             ^~~~~~~~
      |                                                             EN3_Pin
../Core/Src/main.c:151:13: error: 'timer2_flag' undeclared (first use in this function)
  151 |         if (timer2_flag == 1) {
      |             ^~~~~~~~~~~
make: *** [Core/Src/subdir.mk:40: Core/Src/main.o] Error 1
make: *** Waiting for unfinished jobs....
"make -j10 all" terminated with exit code 2. Build might be incomplete.
14:20:36 **** Incremental Build of configuration Debug for project LAB2 ****
make -j10 all 
arm-none-eabi-gcc "../Core/Src/main.c" -mcpu=cortex-m3 -std=gnu11 -g3 -DDEBUG -DUSE_HAL_DRIVER -DSTM32F103x6 -c -I../Core/Inc -I../Drivers/STM32F1xx_HAL_Driver/Inc/Legacy -I../Drivers/STM32F1xx_HAL_Driver/Inc -I../Drivers/CMSIS/Device/ST/STM32F1xx/Include -I../Drivers/CMSIS/Include -O0 -ffunction-sections -fdata-sections -Wall -fstack-usage -fcyclomatic-complexity -MMD -MP -MF"Core/Src/main.d" -MT"Core/Src/main.o" --specs=nano.specs -mfloat-abi=soft -mthumb -o "Core/Src/main.o"
../Core/Src/main.c:54:16: error: 'led_number' undeclared here (not in a function)
   54 | int led_buffer[led_number]={1,2,3,0};
      |                ^~~~~~~~~~
../Core/Src/main.c: In function 'main':
../Core/Src/main.c:102:13: error: 'DURATION0' undeclared (first use in this function); did you mean 'DURATION_0'?
  102 |   setTimer0(DURATION0);
      |             ^~~~~~~~~
      |             DURATION_0
../Core/Src/main.c:102:13: note: each undeclared identifier is reported only once for each function it appears in
../Core/Src/main.c:103:13: error: 'DURATION1' undeclared (first use in this function); did you mean 'DURATION_1'?
  103 |   setTimer1(DURATION1);
      |             ^~~~~~~~~
      |             DURATION_1
../Core/Src/main.c:104:13: error: 'DURATION2' undeclared (first use in this function); did you mean 'DURATION_2'?
  104 |   setTimer2(DURATION2);
      |             ^~~~~~~~~
      |             DURATION_2
../Core/Src/main.c:111:34: error: 'led_index' undeclared (first use in this function); did you mean 'seg7_index'?
  111 |           display7SEG(led_buffer[led_index]);
      |                                  ^~~~~~~~~
      |                                  seg7_index
../Core/Src/main.c:112:15: error: 'timer0_flag' undeclared (first use in this function)
  112 |           if (timer0_flag == 1) {
      |               ^~~~~~~~~~~
../Core/Src/main.c:114:38: error: 'LED_GPIO_Port' undeclared (first use in this function); did you mean 'SEG5_GPIO_Port'?
  114 |                   HAL_GPIO_TogglePin(LED_GPIO_Port, LED_Pin);
      |                                      ^~~~~~~~~~~~~
      |                                      SEG5_GPIO_Port
../Core/Src/main.c:114:53: error: 'LED_Pin' undeclared (first use in this function)
  114 |                   HAL_GPIO_TogglePin(LED_GPIO_Port, LED_Pin);
      |                                                     ^~~~~~~
../Core/Src/main.c:116:15: error: 'timer1_flag' undeclared (first use in this function)
  116 |           if (timer1_flag == 1) {
      |               ^~~~~~~~~~~
../Core/Src/main.c:151:13: error: 'timer2_flag' undeclared (first use in this function)
  151 |         if (timer2_flag == 1) {
      |             ^~~~~~~~~~~
make: *** [Core/Src/subdir.mk:40: Core/Src/main.o] Error 1
"make -j10 all" terminated with exit code 2. Build might be incomplete.
14:23:27 **** Incremental Build of configuration Debug for project LAB2 ****
make -j10 all 
arm-none-eabi-gcc "../Core/Src/main.c" -mcpu=cortex-m3 -std=gnu11 -g3 -DDEBUG -DUSE_HAL_DRIVER -DSTM32F103x6 -c -I../Core/Inc -I../Drivers/STM32F1xx_HAL_Driver/Inc/Legacy -I../Drivers/STM32F1xx_HAL_Driver/Inc -I../Drivers/CMSIS/Device/ST/STM32F1xx/Include -I../Drivers/CMSIS/Include -O0 -ffunction-sections -fdata-sections -Wall -fstack-usage -fcyclomatic-complexity -MMD -MP -MF"Core/Src/main.d" -MT"Core/Src/main.o" --specs=nano.specs -mfloat-abi=soft -mthumb -o "Core/Src/main.o"
../Core/Src/main.c:54:16: error: 'led_number' undeclared here (not in a function)
   54 | int led_buffer[led_number]={1,2,3,0};
      |                ^~~~~~~~~~
../Core/Src/main.c: In function 'main':
../Core/Src/main.c:24:20: error: expected expression before '=' token
   24 | #define DURATION_0 = 100;
      |                    ^
../Core/Src/main.c:102:13: note: in expansion of macro 'DURATION_0'
  102 |   setTimer0(DURATION_0);
      |             ^~~~~~~~~~
../Core/Src/main.c:25:20: error: expected expression before '=' token
   25 | #define DURATION_1 = 50;
      |                    ^
../Core/Src/main.c:103:13: note: in expansion of macro 'DURATION_1'
  103 |   setTimer1(DURATION_1);
      |             ^~~~~~~~~~
../Core/Src/main.c:26:20: error: expected expression before '=' token
   26 | #define DURATION_2 = 100;
      |                    ^
../Core/Src/main.c:104:13: note: in expansion of macro 'DURATION_2'
  104 |   setTimer2(DURATION_2);
      |             ^~~~~~~~~~
../Core/Src/main.c:111:34: error: 'led_index' undeclared (first use in this function); did you mean 'seg7_index'?
  111 |           display7SEG(led_buffer[led_index]);
      |                                  ^~~~~~~~~
      |                                  seg7_index
../Core/Src/main.c:111:34: note: each undeclared identifier is reported only once for each function it appears in
../Core/Src/main.c:112:15: error: 'timer0_flag' undeclared (first use in this function)
  112 |           if (timer0_flag == 1) {
      |               ^~~~~~~~~~~
../Core/Src/main.c:113:29: error: 'DURATION0' undeclared (first use in this function); did you mean 'DURATION_0'?
  113 |                   setTimer0(DURATION0);
      |                             ^~~~~~~~~
      |                             DURATION_0
../Core/Src/main.c:114:38: error: 'LED_GPIO_Port' undeclared (first use in this function); did you mean 'SEG5_GPIO_Port'?
  114 |                   HAL_GPIO_TogglePin(LED_GPIO_Port, LED_Pin);
      |                                      ^~~~~~~~~~~~~
      |                                      SEG5_GPIO_Port
../Core/Src/main.c:114:53: error: 'LED_Pin' undeclared (first use in this function)
  114 |                   HAL_GPIO_TogglePin(LED_GPIO_Port, LED_Pin);
      |                                                     ^~~~~~~
../Core/Src/main.c:116:15: error: 'timer1_flag' undeclared (first use in this function)
  116 |           if (timer1_flag == 1) {
      |               ^~~~~~~~~~~
../Core/Src/main.c:25:20: error: expected expression before '=' token
   25 | #define DURATION_1 = 50;
      |                    ^
../Core/Src/main.c:117:29: note: in expansion of macro 'DURATION_1'
  117 |                   setTimer1(DURATION_1);
      |                             ^~~~~~~~~~
../Core/Src/main.c:151:13: error: 'timer2_flag' undeclared (first use in this function)
  151 |         if (timer2_flag == 1) {
      |             ^~~~~~~~~~~
../Core/Src/main.c:152:27: error: 'DURATION2' undeclared (first use in this function); did you mean 'DURATION_2'?
  152 |                 setTimer2(DURATION2);
      |                           ^~~~~~~~~
      |                           DURATION_2
make: *** [Core/Src/subdir.mk:40: Core/Src/main.o] Error 1
"make -j10 all" terminated with exit code 2. Build might be incomplete.
14:24:05 **** Incremental Build of configuration Debug for project LAB2 ****
make -j10 all 
arm-none-eabi-gcc "../Core/Src/main.c" -mcpu=cortex-m3 -std=gnu11 -g3 -DDEBUG -DUSE_HAL_DRIVER -DSTM32F103x6 -c -I../Core/Inc -I../Drivers/STM32F1xx_HAL_Driver/Inc/Legacy -I../Drivers/STM32F1xx_HAL_Driver/Inc -I../Drivers/CMSIS/Device/ST/STM32F1xx/Include -I../Drivers/CMSIS/Include -O0 -ffunction-sections -fdata-sections -Wall -fstack-usage -fcyclomatic-complexity -MMD -MP -MF"Core/Src/main.d" -MT"Core/Src/main.o" --specs=nano.specs -mfloat-abi=soft -mthumb -o "Core/Src/main.o"
../Core/Src/main.c:50:16: error: 'led_number' undeclared here (not in a function)
   50 | int led_buffer[led_number]={1,2,3,0};
      |                ^~~~~~~~~~
../Core/Src/main.c: In function 'main':
../Core/Src/main.c:107:34: error: 'led_index' undeclared (first use in this function); did you mean 'seg7_index'?
  107 |           display7SEG(led_buffer[led_index]);
      |                                  ^~~~~~~~~
      |                                  seg7_index
../Core/Src/main.c:107:34: note: each undeclared identifier is reported only once for each function it appears in
../Core/Src/main.c:108:15: error: 'timer0_flag' undeclared (first use in this function)
  108 |           if (timer0_flag == 1) {
      |               ^~~~~~~~~~~
../Core/Src/main.c:109:29: error: 'DURATION0' undeclared (first use in this function)
  109 |                   setTimer0(DURATION0);
      |                             ^~~~~~~~~
../Core/Src/main.c:110:38: error: 'LED_GPIO_Port' undeclared (first use in this function); did you mean 'SEG5_GPIO_Port'?
  110 |                   HAL_GPIO_TogglePin(LED_GPIO_Port, LED_Pin);
      |                                      ^~~~~~~~~~~~~
      |                                      SEG5_GPIO_Port
../Core/Src/main.c:110:53: error: 'LED_Pin' undeclared (first use in this function)
  110 |                   HAL_GPIO_TogglePin(LED_GPIO_Port, LED_Pin);
      |                                                     ^~~~~~~
../Core/Src/main.c:112:15: error: 'timer1_flag' undeclared (first use in this function)
  112 |           if (timer1_flag == 1) {
      |               ^~~~~~~~~~~
../Core/Src/main.c:147:13: error: 'timer2_flag' undeclared (first use in this function)
  147 |         if (timer2_flag == 1) {
      |             ^~~~~~~~~~~
../Core/Src/main.c:148:27: error: 'DURATION2' undeclared (first use in this function)
  148 |                 setTimer2(DURATION2);
      |                           ^~~~~~~~~
make: *** [Core/Src/subdir.mk:40: Core/Src/main.o] Error 1
"make -j10 all" terminated with exit code 2. Build might be incomplete.
14:24:46 **** Incremental Build of configuration Debug for project LAB2 ****
make -j10 all 
arm-none-eabi-gcc "../Core/Src/main.c" -mcpu=cortex-m3 -std=gnu11 -g3 -DDEBUG -DUSE_HAL_DRIVER -DSTM32F103x6 -c -I../Core/Inc -I../Drivers/STM32F1xx_HAL_Driver/Inc/Legacy -I../Drivers/STM32F1xx_HAL_Driver/Inc -I../Drivers/CMSIS/Device/ST/STM32F1xx/Include -I../Drivers/CMSIS/Include -O0 -ffunction-sections -fdata-sections -Wall -fstack-usage -fcyclomatic-complexity -MMD -MP -MF"Core/Src/main.d" -MT"Core/Src/main.o" --specs=nano.specs -mfloat-abi=soft -mthumb -o "Core/Src/main.o"
../Core/Src/main.c:50:16: error: 'led_number' undeclared here (not in a function)
   50 | int led_buffer[led_number]={1,2,3,0};
      |                ^~~~~~~~~~
../Core/Src/main.c: In function 'main':
../Core/Src/main.c:108:15: error: 'timer0_flag' undeclared (first use in this function)
  108 |           if (timer0_flag == 1) {
      |               ^~~~~~~~~~~
../Core/Src/main.c:108:15: note: each undeclared identifier is reported only once for each function it appears in
../Core/Src/main.c:109:29: error: 'DURATION0' undeclared (first use in this function)
  109 |                   setTimer0(DURATION0);
      |                             ^~~~~~~~~
../Core/Src/main.c:110:38: error: 'LED_GPIO_Port' undeclared (first use in this function); did you mean 'SEG5_GPIO_Port'?
  110 |                   HAL_GPIO_TogglePin(LED_GPIO_Port, LED_Pin);
      |                                      ^~~~~~~~~~~~~
      |                                      SEG5_GPIO_Port
../Core/Src/main.c:110:53: error: 'LED_Pin' undeclared (first use in this function)
  110 |                   HAL_GPIO_TogglePin(LED_GPIO_Port, LED_Pin);
      |                                                     ^~~~~~~
../Core/Src/main.c:112:15: error: 'timer1_flag' undeclared (first use in this function)
  112 |           if (timer1_flag == 1) {
      |               ^~~~~~~~~~~
../Core/Src/main.c:147:13: error: 'timer2_flag' undeclared (first use in this function)
  147 |         if (timer2_flag == 1) {
      |             ^~~~~~~~~~~
make: *** [Core/Src/subdir.mk:40: Core/Src/main.o] Error 1
"make -j10 all" terminated with exit code 2. Build might be incomplete.
14:25:26 **** Incremental Build of configuration Debug for project LAB2 ****
make -j10 all 
arm-none-eabi-gcc "../Core/Src/main.c" -mcpu=cortex-m3 -std=gnu11 -g3 -DDEBUG -DUSE_HAL_DRIVER -DSTM32F103x6 -c -I../Core/Inc -I../Drivers/STM32F1xx_HAL_Driver/Inc/Legacy -I../Drivers/STM32F1xx_HAL_Driver/Inc -I../Drivers/CMSIS/Device/ST/STM32F1xx/Include -I../Drivers/CMSIS/Include -O0 -ffunction-sections -fdata-sections -Wall -fstack-usage -fcyclomatic-complexity -MMD -MP -MF"Core/Src/main.d" -MT"Core/Src/main.o" --specs=nano.specs -mfloat-abi=soft -mthumb -o "Core/Src/main.o"
../Core/Src/main.c:50:16: error: 'LED_NUMBER' undeclared here (not in a function)
   50 | int led_buffer[LED_NUMBER] = {1, 2, 3, 0};
      |                ^~~~~~~~~~
../Core/Src/main.c: In function 'main':
../Core/Src/main.c:108:15: error: 'timer0_flag' undeclared (first use in this function)
  108 |           if (timer0_flag == 1) {
      |               ^~~~~~~~~~~
../Core/Src/main.c:108:15: note: each undeclared identifier is reported only once for each function it appears in
../Core/Src/main.c:109:29: error: 'DURATION0' undeclared (first use in this function)
  109 |                   setTimer0(DURATION0);
      |                             ^~~~~~~~~
../Core/Src/main.c:110:38: error: 'LED_GPIO_Port' undeclared (first use in this function); did you mean 'SEG5_GPIO_Port'?
  110 |                   HAL_GPIO_TogglePin(LED_GPIO_Port, LED_Pin);
      |                                      ^~~~~~~~~~~~~
      |                                      SEG5_GPIO_Port
../Core/Src/main.c:110:53: error: 'LED_Pin' undeclared (first use in this function)
  110 |                   HAL_GPIO_TogglePin(LED_GPIO_Port, LED_Pin);
      |                                                     ^~~~~~~
../Core/Src/main.c:112:15: error: 'timer1_flag' undeclared (first use in this function)
  112 |           if (timer1_flag == 1) {
      |               ^~~~~~~~~~~
../Core/Src/main.c:147:13: error: 'timer2_flag' undeclared (first use in this function)
  147 |         if (timer2_flag == 1) {
      |             ^~~~~~~~~~~
make: *** [Core/Src/subdir.mk:40: Core/Src/main.o] Error 1
"make -j10 all" terminated with exit code 2. Build might be incomplete.
14:25:46 **** Incremental Build of configuration Debug for project LAB2 ****
make -j10 all 
arm-none-eabi-gcc "../Core/Src/main.c" -mcpu=cortex-m3 -std=gnu11 -g3 -DDEBUG -DUSE_HAL_DRIVER -DSTM32F103x6 -c -I../Core/Inc -I../Drivers/STM32F1xx_HAL_Driver/Inc/Legacy -I../Drivers/STM32F1xx_HAL_Driver/Inc -I../Drivers/CMSIS/Device/ST/STM32F1xx/Include -I../Drivers/CMSIS/Include -O0 -ffunction-sections -fdata-sections -Wall -fstack-usage -fcyclomatic-complexity -MMD -MP -MF"Core/Src/main.d" -MT"Core/Src/main.o" --specs=nano.specs -mfloat-abi=soft -mthumb -o "Core/Src/main.o"
../Core/Src/main.c:50:5: error: variably modified 'led_buffer' at file scope
   50 | int led_buffer[seg7_index] = {1, 2, 3, 0};
      |     ^~~~~~~~~~
../Core/Src/main.c:50:34: warning: excess elements in array initializer
   50 | int led_buffer[seg7_index] = {1, 2, 3, 0};
      |                                  ^
../Core/Src/main.c:50:34: note: (near initialization for 'led_buffer')
../Core/Src/main.c:50:37: warning: excess elements in array initializer
   50 | int led_buffer[seg7_index] = {1, 2, 3, 0};
      |                                     ^
../Core/Src/main.c:50:37: note: (near initialization for 'led_buffer')
../Core/Src/main.c:50:40: warning: excess elements in array initializer
   50 | int led_buffer[seg7_index] = {1, 2, 3, 0};
      |                                        ^
../Core/Src/main.c:50:40: note: (near initialization for 'led_buffer')
../Core/Src/main.c: In function 'main':
../Core/Src/main.c:108:15: error: 'timer0_flag' undeclared (first use in this function)
  108 |           if (timer0_flag == 1) {
      |               ^~~~~~~~~~~
../Core/Src/main.c:108:15: note: each undeclared identifier is reported only once for each function it appears in
../Core/Src/main.c:109:29: error: 'DURATION0' undeclared (first use in this function)
  109 |                   setTimer0(DURATION0);
      |                             ^~~~~~~~~
../Core/Src/main.c:110:38: error: 'LED_GPIO_Port' undeclared (first use in this function); did you mean 'SEG5_GPIO_Port'?
  110 |                   HAL_GPIO_TogglePin(LED_GPIO_Port, LED_Pin);
      |                                      ^~~~~~~~~~~~~
      |                                      SEG5_GPIO_Port
../Core/Src/main.c:110:53: error: 'LED_Pin' undeclared (first use in this function)
  110 |                   HAL_GPIO_TogglePin(LED_GPIO_Port, LED_Pin);
      |                                                     ^~~~~~~
../Core/Src/main.c:112:15: error: 'timer1_flag' undeclared (first use in this function)
  112 |           if (timer1_flag == 1) {
      |               ^~~~~~~~~~~
../Core/Src/main.c:147:13: error: 'timer2_flag' undeclared (first use in this function)
  147 |         if (timer2_flag == 1) {
      |             ^~~~~~~~~~~
make: *** [Core/Src/subdir.mk:40: Core/Src/main.o] Error 1
"make -j10 all" terminated with exit code 2. Build might be incomplete.
14:26:46 **** Incremental Build of configuration Debug for project LAB2 ****
make -j10 all 
arm-none-eabi-gcc "../Core/Src/main.c" -mcpu=cortex-m3 -std=gnu11 -g3 -DDEBUG -DUSE_HAL_DRIVER -DSTM32F103x6 -c -I../Core/Inc -I../Drivers/STM32F1xx_HAL_Driver/Inc/Legacy -I../Drivers/STM32F1xx_HAL_Driver/Inc -I../Drivers/CMSIS/Device/ST/STM32F1xx/Include -I../Drivers/CMSIS/Include -O0 -ffunction-sections -fdata-sections -Wall -fstack-usage -fcyclomatic-complexity -MMD -MP -MF"Core/Src/main.d" -MT"Core/Src/main.o" --specs=nano.specs -mfloat-abi=soft -mthumb -o "Core/Src/main.o"
../Core/Src/main.c:50:31: warning: excess elements in array initializer
   50 | int led_buffer[3] = {1, 2, 3, 0};
      |                               ^
../Core/Src/main.c:50:31: note: (near initialization for 'led_buffer')
../Core/Src/main.c: In function 'main':
../Core/Src/main.c:108:15: error: 'timer0_flag' undeclared (first use in this function)
  108 |           if (timer0_flag == 1) {
      |               ^~~~~~~~~~~
../Core/Src/main.c:108:15: note: each undeclared identifier is reported only once for each function it appears in
../Core/Src/main.c:109:29: error: 'DURATION0' undeclared (first use in this function)
  109 |                   setTimer0(DURATION0);
      |                             ^~~~~~~~~
../Core/Src/main.c:110:38: error: 'LED_GPIO_Port' undeclared (first use in this function); did you mean 'SEG5_GPIO_Port'?
  110 |                   HAL_GPIO_TogglePin(LED_GPIO_Port, LED_Pin);
      |                                      ^~~~~~~~~~~~~
      |                                      SEG5_GPIO_Port
../Core/Src/main.c:110:53: error: 'LED_Pin' undeclared (first use in this function)
  110 |                   HAL_GPIO_TogglePin(LED_GPIO_Port, LED_Pin);
      |                                                     ^~~~~~~
../Core/Src/main.c:112:15: error: 'timer1_flag' undeclared (first use in this function)
  112 |           if (timer1_flag == 1) {
      |               ^~~~~~~~~~~
../Core/Src/main.c:147:13: error: 'timer2_flag' undeclared (first use in this function)
  147 |         if (timer2_flag == 1) {
      |             ^~~~~~~~~~~
make: *** [Core/Src/subdir.mk:40: Core/Src/main.o] Error 1
"make -j10 all" terminated with exit code 2. Build might be incomplete.
14:26:56 **** Incremental Build of configuration Debug for project LAB2 ****
make -j10 all 
arm-none-eabi-gcc "../Core/Src/main.c" -mcpu=cortex-m3 -std=gnu11 -g3 -DDEBUG -DUSE_HAL_DRIVER -DSTM32F103x6 -c -I../Core/Inc -I../Drivers/STM32F1xx_HAL_Driver/Inc/Legacy -I../Drivers/STM32F1xx_HAL_Driver/Inc -I../Drivers/CMSIS/Device/ST/STM32F1xx/Include -I../Drivers/CMSIS/Include -O0 -ffunction-sections -fdata-sections -Wall -fstack-usage -fcyclomatic-complexity -MMD -MP -MF"Core/Src/main.d" -MT"Core/Src/main.o" --specs=nano.specs -mfloat-abi=soft -mthumb -o "Core/Src/main.o"
../Core/Src/main.c:50:16: error: expected expression before 'int'
   50 | int led_buffer[int i] = {1, 2, 3, 0};
      |                ^~~
../Core/Src/main.c: In function 'main':
../Core/Src/main.c:107:23: error: 'led_buffer' undeclared (first use in this function)
  107 |           display7SEG(led_buffer[seg7_index]);
      |                       ^~~~~~~~~~
../Core/Src/main.c:107:23: note: each undeclared identifier is reported only once for each function it appears in
../Core/Src/main.c:108:15: error: 'timer0_flag' undeclared (first use in this function)
  108 |           if (timer0_flag == 1) {
      |               ^~~~~~~~~~~
../Core/Src/main.c:109:29: error: 'DURATION0' undeclared (first use in this function)
  109 |                   setTimer0(DURATION0);
      |                             ^~~~~~~~~
../Core/Src/main.c:110:38: error: 'LED_GPIO_Port' undeclared (first use in this function); did you mean 'SEG5_GPIO_Port'?
  110 |                   HAL_GPIO_TogglePin(LED_GPIO_Port, LED_Pin);
      |                                      ^~~~~~~~~~~~~
      |                                      SEG5_GPIO_Port
../Core/Src/main.c:110:53: error: 'LED_Pin' undeclared (first use in this function)
  110 |                   HAL_GPIO_TogglePin(LED_GPIO_Port, LED_Pin);
      |                                                     ^~~~~~~
../Core/Src/main.c:112:15: error: 'timer1_flag' undeclared (first use in this function)
  112 |           if (timer1_flag == 1) {
      |               ^~~~~~~~~~~
../Core/Src/main.c:147:13: error: 'timer2_flag' undeclared (first use in this function)
  147 |         if (timer2_flag == 1) {
      |             ^~~~~~~~~~~
../Core/Src/main.c: In function 'HAL_TIM_PeriodElapsedCallback':
../Core/Src/main.c:303:29: error: 'led_buffer' undeclared (first use in this function)
  303 |                 display7SEG(led_buffer[seg7_index]);
      |                             ^~~~~~~~~~
make: *** [Core/Src/subdir.mk:40: Core/Src/main.o] Error 1
"make -j10 all" terminated with exit code 2. Build might be incomplete.
14:27:08 **** Incremental Build of configuration Debug for project LAB2 ****
make -j10 all 
arm-none-eabi-gcc "../Core/Src/main.c" -mcpu=cortex-m3 -std=gnu11 -g3 -DDEBUG -DUSE_HAL_DRIVER -DSTM32F103x6 -c -I../Core/Inc -I../Drivers/STM32F1xx_HAL_Driver/Inc/Legacy -I../Drivers/STM32F1xx_HAL_Driver/Inc -I../Drivers/CMSIS/Device/ST/STM32F1xx/Include -I../Drivers/CMSIS/Include -O0 -ffunction-sections -fdata-sections -Wall -fstack-usage -fcyclomatic-complexity -MMD -MP -MF"Core/Src/main.d" -MT"Core/Src/main.o" --specs=nano.specs -mfloat-abi=soft -mthumb -o "Core/Src/main.o"
../Core/Src/main.c:50:16: error: 'i' undeclared here (not in a function)
   50 | int led_buffer[i] = {1, 2, 3, 0};
      |                ^
../Core/Src/main.c: In function 'main':
../Core/Src/main.c:108:15: error: 'timer0_flag' undeclared (first use in this function)
  108 |           if (timer0_flag == 1) {
      |               ^~~~~~~~~~~
../Core/Src/main.c:108:15: note: each undeclared identifier is reported only once for each function it appears in
../Core/Src/main.c:109:29: error: 'DURATION0' undeclared (first use in this function)
  109 |                   setTimer0(DURATION0);
      |                             ^~~~~~~~~
../Core/Src/main.c:110:38: error: 'LED_GPIO_Port' undeclared (first use in this function); did you mean 'SEG5_GPIO_Port'?
  110 |                   HAL_GPIO_TogglePin(LED_GPIO_Port, LED_Pin);
      |                                      ^~~~~~~~~~~~~
      |                                      SEG5_GPIO_Port
../Core/Src/main.c:110:53: error: 'LED_Pin' undeclared (first use in this function)
  110 |                   HAL_GPIO_TogglePin(LED_GPIO_Port, LED_Pin);
      |                                                     ^~~~~~~
../Core/Src/main.c:112:15: error: 'timer1_flag' undeclared (first use in this function)
  112 |           if (timer1_flag == 1) {
      |               ^~~~~~~~~~~
../Core/Src/main.c:147:13: error: 'timer2_flag' undeclared (first use in this function)
  147 |         if (timer2_flag == 1) {
      |             ^~~~~~~~~~~
make: *** [Core/Src/subdir.mk:40: Core/Src/main.o] Error 1
"make -j10 all" terminated with exit code 2. Build might be incomplete.
14:27:16 **** Incremental Build of configuration Debug for project LAB2 ****
make -j10 all 
arm-none-eabi-gcc "../Core/Src/main.c" -mcpu=cortex-m3 -std=gnu11 -g3 -DDEBUG -DUSE_HAL_DRIVER -DSTM32F103x6 -c -I../Core/Inc -I../Drivers/STM32F1xx_HAL_Driver/Inc/Legacy -I../Drivers/STM32F1xx_HAL_Driver/Inc -I../Drivers/CMSIS/Device/ST/STM32F1xx/Include -I../Drivers/CMSIS/Include -O0 -ffunction-sections -fdata-sections -Wall -fstack-usage -fcyclomatic-complexity -MMD -MP -MF"Core/Src/main.d" -MT"Core/Src/main.o" --specs=nano.specs -mfloat-abi=soft -mthumb -o "Core/Src/main.o"
../Core/Src/main.c:51:5: error: variably modified 'led_buffer' at file scope
   51 | int led_buffer[i] = {1, 2, 3, 0};
      |     ^~~~~~~~~~
../Core/Src/main.c:51:25: warning: excess elements in array initializer
   51 | int led_buffer[i] = {1, 2, 3, 0};
      |                         ^
../Core/Src/main.c:51:25: note: (near initialization for 'led_buffer')
../Core/Src/main.c:51:28: warning: excess elements in array initializer
   51 | int led_buffer[i] = {1, 2, 3, 0};
      |                            ^
../Core/Src/main.c:51:28: note: (near initialization for 'led_buffer')
../Core/Src/main.c:51:31: warning: excess elements in array initializer
   51 | int led_buffer[i] = {1, 2, 3, 0};
      |                               ^
../Core/Src/main.c:51:31: note: (near initialization for 'led_buffer')
../Core/Src/main.c: In function 'main':
../Core/Src/main.c:109:15: error: 'timer0_flag' undeclared (first use in this function)
  109 |           if (timer0_flag == 1) {
      |               ^~~~~~~~~~~
../Core/Src/main.c:109:15: note: each undeclared identifier is reported only once for each function it appears in
../Core/Src/main.c:110:29: error: 'DURATION0' undeclared (first use in this function)
  110 |                   setTimer0(DURATION0);
      |                             ^~~~~~~~~
../Core/Src/main.c:111:38: error: 'LED_GPIO_Port' undeclared (first use in this function); did you mean 'SEG5_GPIO_Port'?
  111 |                   HAL_GPIO_TogglePin(LED_GPIO_Port, LED_Pin);
      |                                      ^~~~~~~~~~~~~
      |                                      SEG5_GPIO_Port
../Core/Src/main.c:111:53: error: 'LED_Pin' undeclared (first use in this function)
  111 |                   HAL_GPIO_TogglePin(LED_GPIO_Port, LED_Pin);
      |                                                     ^~~~~~~
../Core/Src/main.c:113:15: error: 'timer1_flag' undeclared (first use in this function)
  113 |           if (timer1_flag == 1) {
      |               ^~~~~~~~~~~
../Core/Src/main.c:148:13: error: 'timer2_flag' undeclared (first use in this function)
  148 |         if (timer2_flag == 1) {
      |             ^~~~~~~~~~~
make: *** [Core/Src/subdir.mk:40: Core/Src/main.o] Error 1
"make -j10 all" terminated with exit code 2. Build might be incomplete.
14:28:23 **** Incremental Build of configuration Debug for project LAB2 ****
make -j10 all 
arm-none-eabi-gcc "../Core/Src/main.c" -mcpu=cortex-m3 -std=gnu11 -g3 -DDEBUG -DUSE_HAL_DRIVER -DSTM32F103x6 -c -I../Core/Inc -I../Drivers/STM32F1xx_HAL_Driver/Inc/Legacy -I../Drivers/STM32F1xx_HAL_Driver/Inc -I../Drivers/CMSIS/Device/ST/STM32F1xx/Include -I../Drivers/CMSIS/Include -O0 -ffunction-sections -fdata-sections -Wall -fstack-usage -fcyclomatic-complexity -MMD -MP -MF"Core/Src/main.d" -MT"Core/Src/main.o" --specs=nano.specs -mfloat-abi=soft -mthumb -o "Core/Src/main.o"
../Core/Src/main.c: In function 'main':
../Core/Src/main.c:109:15: error: 'timer0_flag' undeclared (first use in this function)
  109 |           if (timer0_flag == 1) {
      |               ^~~~~~~~~~~
../Core/Src/main.c:109:15: note: each undeclared identifier is reported only once for each function it appears in
../Core/Src/main.c:110:29: error: 'DURATION0' undeclared (first use in this function)
  110 |                   setTimer0(DURATION0);
      |                             ^~~~~~~~~
../Core/Src/main.c:111:38: error: 'LED_GPIO_Port' undeclared (first use in this function); did you mean 'SEG5_GPIO_Port'?
  111 |                   HAL_GPIO_TogglePin(LED_GPIO_Port, LED_Pin);
      |                                      ^~~~~~~~~~~~~
      |                                      SEG5_GPIO_Port
../Core/Src/main.c:111:53: error: 'LED_Pin' undeclared (first use in this function)
  111 |                   HAL_GPIO_TogglePin(LED_GPIO_Port, LED_Pin);
      |                                                     ^~~~~~~
../Core/Src/main.c:113:15: error: 'timer1_flag' undeclared (first use in this function)
  113 |           if (timer1_flag == 1) {
      |               ^~~~~~~~~~~
../Core/Src/main.c:148:13: error: 'timer2_flag' undeclared (first use in this function)
  148 |         if (timer2_flag == 1) {
      |             ^~~~~~~~~~~
make: *** [Core/Src/subdir.mk:40: Core/Src/main.o] Error 1
"make -j10 all" terminated with exit code 2. Build might be incomplete.
14:30:47 **** Incremental Build of configuration Debug for project LAB2 ****
make -j10 all 
arm-none-eabi-gcc "../Core/Src/main.c" -mcpu=cortex-m3 -std=gnu11 -g3 -DDEBUG -DUSE_HAL_DRIVER -DSTM32F103x6 -c -I../Core/Inc -I../Drivers/STM32F1xx_HAL_Driver/Inc/Legacy -I../Drivers/STM32F1xx_HAL_Driver/Inc -I../Drivers/CMSIS/Device/ST/STM32F1xx/Include -I../Drivers/CMSIS/Include -O0 -ffunction-sections -fdata-sections -Wall -fstack-usage -fcyclomatic-complexity -MMD -MP -MF"Core/Src/main.d" -MT"Core/Src/main.o" --specs=nano.specs -mfloat-abi=soft -mthumb -o "Core/Src/main.o"
../Core/Src/main.c: In function 'main':
../Core/Src/main.c:109:15: error: 'timer0_flag' undeclared (first use in this function)
  109 |           if (timer0_flag == 1) {
      |               ^~~~~~~~~~~
../Core/Src/main.c:109:15: note: each undeclared identifier is reported only once for each function it appears in
../Core/Src/main.c:110:29: error: 'DURATION0' undeclared (first use in this function)
  110 |                   setTimer0(DURATION0);
      |                             ^~~~~~~~~
../Core/Src/main.c:111:38: error: 'LED_GPIO_Port' undeclared (first use in this function); did you mean 'SEG5_GPIO_Port'?
  111 |                   HAL_GPIO_TogglePin(LED_GPIO_Port, LED_Pin);
      |                                      ^~~~~~~~~~~~~
      |                                      SEG5_GPIO_Port
../Core/Src/main.c:111:53: error: 'LED_Pin' undeclared (first use in this function)
  111 |                   HAL_GPIO_TogglePin(LED_GPIO_Port, LED_Pin);
      |                                                     ^~~~~~~
../Core/Src/main.c:113:15: error: 'timer1_flag' undeclared (first use in this function)
  113 |           if (timer1_flag == 1) {
      |               ^~~~~~~~~~~
../Core/Src/main.c:149:13: error: 'timer2_flag' undeclared (first use in this function)
  149 |         if (timer2_flag == 1) {
      |             ^~~~~~~~~~~
make: *** [Core/Src/subdir.mk:40: Core/Src/main.o] Error 1
"make -j10 all" terminated with exit code 2. Build might be incomplete.
14:33:47 **** Incremental Build of configuration Debug for project LAB2 ****
make -j10 all 
arm-none-eabi-gcc "../Core/Src/main.c" -mcpu=cortex-m3 -std=gnu11 -g3 -DDEBUG -DUSE_HAL_DRIVER -DSTM32F103x6 -c -I../Core/Inc -I../Drivers/STM32F1xx_HAL_Driver/Inc/Legacy -I../Drivers/STM32F1xx_HAL_Driver/Inc -I../Drivers/CMSIS/Device/ST/STM32F1xx/Include -I../Drivers/CMSIS/Include -O0 -ffunction-sections -fdata-sections -Wall -fstack-usage -fcyclomatic-complexity -MMD -MP -MF"Core/Src/main.d" -MT"Core/Src/main.o" --specs=nano.specs -mfloat-abi=soft -mthumb -o "Core/Src/main.o"
../Core/Src/main.c: In function 'main':
../Core/Src/main.c:100:3: warning: implicit declaration of function 'setTimer0' [-Wimplicit-function-declaration]
  100 |   setTimer0(100);
      |   ^~~~~~~~~
../Core/Src/main.c:101:3: warning: implicit declaration of function 'setTimer1' [-Wimplicit-function-declaration]
  101 |   setTimer1(50);
      |   ^~~~~~~~~
../Core/Src/main.c:102:3: warning: implicit declaration of function 'setTimer2' [-Wimplicit-function-declaration]
  102 |   setTimer2(100);
      |   ^~~~~~~~~
../Core/Src/main.c:110:15: error: 'timer0_flag' undeclared (first use in this function)
  110 |           if (timer0_flag == 1) {
      |               ^~~~~~~~~~~
../Core/Src/main.c:110:15: note: each undeclared identifier is reported only once for each function it appears in
../Core/Src/main.c:111:29: error: 'DURATION0' undeclared (first use in this function)
  111 |                   setTimer0(DURATION0);
      |                             ^~~~~~~~~
../Core/Src/main.c:112:38: error: 'LED_GPIO_Port' undeclared (first use in this function); did you mean 'SEG5_GPIO_Port'?
  112 |                   HAL_GPIO_TogglePin(LED_GPIO_Port, LED_Pin);
      |                                      ^~~~~~~~~~~~~
      |                                      SEG5_GPIO_Port
../Core/Src/main.c:112:53: error: 'LED_Pin' undeclared (first use in this function)
  112 |                   HAL_GPIO_TogglePin(LED_GPIO_Port, LED_Pin);
      |                                                     ^~~~~~~
../Core/Src/main.c:114:15: error: 'timer1_flag' undeclared (first use in this function)
  114 |           if (timer1_flag == 1) {
      |               ^~~~~~~~~~~
../Core/Src/main.c:150:13: error: 'timer2_flag' undeclared (first use in this function)
  150 |         if (timer2_flag == 1) {
      |             ^~~~~~~~~~~
make: *** [Core/Src/subdir.mk:40: Core/Src/main.o] Error 1
"make -j10 all" terminated with exit code 2. Build might be incomplete.
14:35:40 **** Incremental Build of configuration Debug for project LAB2 ****
make -j10 all 
arm-none-eabi-gcc "../Core/Src/main.c" -mcpu=cortex-m3 -std=gnu11 -g3 -DDEBUG -DUSE_HAL_DRIVER -DSTM32F103x6 -c -I../Core/Inc -I../Drivers/STM32F1xx_HAL_Driver/Inc/Legacy -I../Drivers/STM32F1xx_HAL_Driver/Inc -I../Drivers/CMSIS/Device/ST/STM32F1xx/Include -I../Drivers/CMSIS/Include -O0 -ffunction-sections -fdata-sections -Wall -fstack-usage -fcyclomatic-complexity -MMD -MP -MF"Core/Src/main.d" -MT"Core/Src/main.o" --specs=nano.specs -mfloat-abi=soft -mthumb -o "Core/Src/main.o"
../Core/Src/main.c: In function 'main':
../Core/Src/main.c:153:13: error: invalid storage class for function 'MX_TIM2_Init'
  153 | static void MX_TIM2_Init(void)
      |             ^~~~~~~~~~~~
../Core/Src/main.c:198:13: error: invalid storage class for function 'MX_GPIO_Init'
  198 | static void MX_GPIO_Init(void)
      |             ^~~~~~~~~~~~
../Core/Src/main.c:316:1: error: expected declaration or statement at end of input
  316 | }
      | ^
../Core/Src/main.c: At top level:
../Core/Src/main.c:56:13: warning: 'MX_GPIO_Init' used but never defined
   56 | static void MX_GPIO_Init(void);
      |             ^~~~~~~~~~~~
../Core/Src/main.c:57:13: warning: 'MX_TIM2_Init' used but never defined
   57 | static void MX_TIM2_Init(void);
      |             ^~~~~~~~~~~~
../Core/Src/main.c:307:6: warning: 'Error_Handler' defined but not used [-Wunused-function]
  307 | void Error_Handler(void)
      |      ^~~~~~~~~~~~~
../Core/Src/main.c:243:6: warning: 'HAL_TIM_PeriodElapsedCallback' defined but not used [-Wunused-function]
  243 | void HAL_TIM_PeriodElapsedCallback(TIM_HandleTypeDef *htim)
      |      ^~~~~~~~~~~~~~~~~~~~~~~~~~~~~
../Core/Src/main.c:198:13: warning: 'MX_GPIO_Init' defined but not used [-Wunused-function]
  198 | static void MX_GPIO_Init(void)
      |             ^~~~~~~~~~~~
../Core/Src/main.c:153:13: warning: 'MX_TIM2_Init' defined but not used [-Wunused-function]
  153 | static void MX_TIM2_Init(void)
      |             ^~~~~~~~~~~~
../Core/Src/main.c:116:6: warning: 'SystemClock_Config' defined but not used [-Wunused-function]
  116 | void SystemClock_Config(void)
      |      ^~~~~~~~~~~~~~~~~~
make: *** [Core/Src/subdir.mk:40: Core/Src/main.o] Error 1
"make -j10 all" terminated with exit code 2. Build might be incomplete.
14:36:11 **** Incremental Build of configuration Debug for project LAB2 ****
make -j10 all 
arm-none-eabi-gcc "../Core/Src/main.c" -mcpu=cortex-m3 -std=gnu11 -g3 -DDEBUG -DUSE_HAL_DRIVER -DSTM32F103x6 -c -I../Core/Inc -I../Drivers/STM32F1xx_HAL_Driver/Inc/Legacy -I../Drivers/STM32F1xx_HAL_Driver/Inc -I../Drivers/CMSIS/Device/ST/STM32F1xx/Include -I../Drivers/CMSIS/Include -O0 -ffunction-sections -fdata-sections -Wall -fstack-usage -fcyclomatic-complexity -MMD -MP -MF"Core/Src/main.d" -MT"Core/Src/main.o" --specs=nano.specs -mfloat-abi=soft -mthumb -o "Core/Src/main.o"
arm-none-eabi-gcc -o "LAB2.elf" @"objects.list"   -mcpu=cortex-m3 -T"/Users/khanh/CO3010/CO3010-LAB2-2311523/STM32Project/LAB2/STM32F103C6UX_FLASH.ld" --specs=nosys.specs -Wl,-Map="LAB2.map" -Wl,--gc-sections -static --specs=nano.specs -mfloat-abi=soft -mthumb -Wl,--start-group -lc -lm -Wl,--end-group
/Applications/STM32CubeIDE.app/Contents/Eclipse/plugins/com.st.stm32cube.ide.mcu.externaltools.gnu-tools-for-stm32.13.3.rel1.macos64_1.0.0.202411102158/tools/bin/../lib/gcc/arm-none-eabi/13.3.1/../../../../arm-none-eabi/bin/ld: ./Core/Src/main.o: in function `SystemClock_Config':
/Users/khanh/CO3010/CO3010-LAB2-2311523/STM32Project/LAB2/Debug/../Core/Src/main.c:78:(.text.SystemClock_Config+0x42): undefined reference to `Error_Handler'
/Applications/STM32CubeIDE.app/Contents/Eclipse/plugins/com.st.stm32cube.ide.mcu.externaltools.gnu-tools-for-stm32.13.3.rel1.macos64_1.0.0.202411102158/tools/bin/../lib/gcc/arm-none-eabi/13.3.1/../../../../arm-none-eabi/bin/ld: /Users/khanh/CO3010/CO3010-LAB2-2311523/STM32Project/LAB2/Debug/../Core/Src/main.c:88:(.text.SystemClock_Config+0x6a): undefined reference to `Error_Handler'
/Applications/STM32CubeIDE.app/Contents/Eclipse/plugins/com.st.stm32cube.ide.mcu.externaltools.gnu-tools-for-stm32.13.3.rel1.macos64_1.0.0.202411102158/tools/bin/../lib/gcc/arm-none-eabi/13.3.1/../../../../arm-none-eabi/bin/ld: ./Core/Src/main.o: in function `MX_TIM2_Init':
/Users/khanh/CO3010/CO3010-LAB2-2311523/STM32Project/LAB2/Debug/../Core/Src/main.c:108:(.text.MX_TIM2_Init+0x50): undefined reference to `Error_Handler'
/Applications/STM32CubeIDE.app/Contents/Eclipse/plugins/com.st.stm32cube.ide.mcu.externaltools.gnu-tools-for-stm32.13.3.rel1.macos64_1.0.0.202411102158/tools/bin/../lib/gcc/arm-none-eabi/13.3.1/../../../../arm-none-eabi/bin/ld: /Users/khanh/CO3010/CO3010-LAB2-2311523/STM32Project/LAB2/Debug/../Core/Src/main.c:111:(.text.MX_TIM2_Init+0x6c): undefined reference to `Error_Handler'
/Applications/STM32CubeIDE.app/Contents/Eclipse/plugins/com.st.stm32cube.ide.mcu.externaltools.gnu-tools-for-stm32.13.3.rel1.macos64_1.0.0.202411102158/tools/bin/../lib/gcc/arm-none-eabi/13.3.1/../../../../arm-none-eabi/bin/ld: /Users/khanh/CO3010/CO3010-LAB2-2311523/STM32Project/LAB2/Debug/../Core/Src/main.c:115:(.text.MX_TIM2_Init+0x88): undefined reference to `Error_Handler'
collect2: error: ld returned 1 exit status
make: *** [makefile:70: LAB2.elf] Error 1
"make -j10 all" terminated with exit code 2. Build might be incomplete.
14:36:29 **** Incremental Build of configuration Debug for project LAB2 ****
make -j10 all 
arm-none-eabi-gcc -o "LAB2.elf" @"objects.list"   -mcpu=cortex-m3 -T"/Users/khanh/CO3010/CO3010-LAB2-2311523/STM32Project/LAB2/STM32F103C6UX_FLASH.ld" --specs=nosys.specs -Wl,-Map="LAB2.map" -Wl,--gc-sections -static --specs=nano.specs -mfloat-abi=soft -mthumb -Wl,--start-group -lc -lm -Wl,--end-group
/Applications/STM32CubeIDE.app/Contents/Eclipse/plugins/com.st.stm32cube.ide.mcu.externaltools.gnu-tools-for-stm32.13.3.rel1.macos64_1.0.0.202411102158/tools/bin/../lib/gcc/arm-none-eabi/13.3.1/../../../../arm-none-eabi/bin/ld: ./Core/Src/main.o: in function `SystemClock_Config':
/Users/khanh/CO3010/CO3010-LAB2-2311523/STM32Project/LAB2/Debug/../Core/Src/main.c:78:(.text.SystemClock_Config+0x42): undefined reference to `Error_Handler'
/Applications/STM32CubeIDE.app/Contents/Eclipse/plugins/com.st.stm32cube.ide.mcu.externaltools.gnu-tools-for-stm32.13.3.rel1.macos64_1.0.0.202411102158/tools/bin/../lib/gcc/arm-none-eabi/13.3.1/../../../../arm-none-eabi/bin/ld: /Users/khanh/CO3010/CO3010-LAB2-2311523/STM32Project/LAB2/Debug/../Core/Src/main.c:88:(.text.SystemClock_Config+0x6a): undefined reference to `Error_Handler'
/Applications/STM32CubeIDE.app/Contents/Eclipse/plugins/com.st.stm32cube.ide.mcu.externaltools.gnu-tools-for-stm32.13.3.rel1.macos64_1.0.0.202411102158/tools/bin/../lib/gcc/arm-none-eabi/13.3.1/../../../../arm-none-eabi/bin/ld: ./Core/Src/main.o: in function `MX_TIM2_Init':
/Users/khanh/CO3010/CO3010-LAB2-2311523/STM32Project/LAB2/Debug/../Core/Src/main.c:108:(.text.MX_TIM2_Init+0x50): undefined reference to `Error_Handler'
/Applications/STM32CubeIDE.app/Contents/Eclipse/plugins/com.st.stm32cube.ide.mcu.externaltools.gnu-tools-for-stm32.13.3.rel1.macos64_1.0.0.202411102158/tools/bin/../lib/gcc/arm-none-eabi/13.3.1/../../../../arm-none-eabi/bin/ld: /Users/khanh/CO3010/CO3010-LAB2-2311523/STM32Project/LAB2/Debug/../Core/Src/main.c:111:(.text.MX_TIM2_Init+0x6c): undefined reference to `Error_Handler'
/Applications/STM32CubeIDE.app/Contents/Eclipse/plugins/com.st.stm32cube.ide.mcu.externaltools.gnu-tools-for-stm32.13.3.rel1.macos64_1.0.0.202411102158/tools/bin/../lib/gcc/arm-none-eabi/13.3.1/../../../../arm-none-eabi/bin/ld: /Users/khanh/CO3010/CO3010-LAB2-2311523/STM32Project/LAB2/Debug/../Core/Src/main.c:115:(.text.MX_TIM2_Init+0x88): undefined reference to `Error_Handler'
collect2: error: ld returned 1 exit status
make: *** [makefile:70: LAB2.elf] Error 1
"make -j10 all" terminated with exit code 2. Build might be incomplete.
14:38:42 **** Incremental Build of configuration Debug for project LAB2 ****
make -j10 all 
arm-none-eabi-gcc "../Core/Src/main.c" -mcpu=cortex-m3 -std=gnu11 -g3 -DDEBUG -DUSE_HAL_DRIVER -DSTM32F103x6 -c -I../Core/Inc -I../Drivers/STM32F1xx_HAL_Driver/Inc/Legacy -I../Drivers/STM32F1xx_HAL_Driver/Inc -I../Drivers/CMSIS/Device/ST/STM32F1xx/Include -I../Drivers/CMSIS/Include -O0 -ffunction-sections -fdata-sections -Wall -fstack-usage -fcyclomatic-complexity -MMD -MP -MF"Core/Src/main.d" -MT"Core/Src/main.o" --specs=nano.specs -mfloat-abi=soft -mthumb -o "Core/Src/main.o"
arm-none-eabi-gcc -o "LAB2.elf" @"objects.list"   -mcpu=cortex-m3 -T"/Users/khanh/CO3010/CO3010-LAB2-2311523/STM32Project/LAB2/STM32F103C6UX_FLASH.ld" --specs=nosys.specs -Wl,-Map="LAB2.map" -Wl,--gc-sections -static --specs=nano.specs -mfloat-abi=soft -mthumb -Wl,--start-group -lc -lm -Wl,--end-group
Finished building target: LAB2.elf
 
arm-none-eabi-size  LAB2.elf 
arm-none-eabi-objdump -h -S LAB2.elf  > "LAB2.list"
arm-none-eabi-objcopy  -O ihex LAB2.elf  "LAB2.hex"
arm-none-eabi-objcopy  -O binary LAB2.elf  "LAB2.bin"
   text	   data	    bss	    dec	    hex	filename
   7464	     40	   1656	   9160	   23c8	LAB2.elf
Finished building: default.size.stdout
 
Finished building: LAB2.bin
Finished building: LAB2.hex
 
 
Finished building: LAB2.list
 
